Archive member included to satisfy reference by file (symbol)

/home/im/Programs/gcc-arm-none-eabi/gcc-arm-none-eabi-9-2020-q2-update/bin/../lib/gcc/arm-none-eabi/9.3.1/../../../../arm-none-eabi/lib/thumb/v7e-m+dp/hard/libc_nano.a(lib_a-exit.o)
                              /home/im/Programs/gcc-arm-none-eabi/gcc-arm-none-eabi-9-2020-q2-update/bin/../lib/gcc/arm-none-eabi/9.3.1/../../../../arm-none-eabi/lib/thumb/v7e-m+dp/hard/crt0.o (exit)
/home/im/Programs/gcc-arm-none-eabi/gcc-arm-none-eabi-9-2020-q2-update/bin/../lib/gcc/arm-none-eabi/9.3.1/../../../../arm-none-eabi/lib/thumb/v7e-m+dp/hard/libc_nano.a(lib_a-impure.o)
                              /home/im/Programs/gcc-arm-none-eabi/gcc-arm-none-eabi-9-2020-q2-update/bin/../lib/gcc/arm-none-eabi/9.3.1/../../../../arm-none-eabi/lib/thumb/v7e-m+dp/hard/libc_nano.a(lib_a-exit.o) (_global_impure_ptr)
/home/im/Programs/gcc-arm-none-eabi/gcc-arm-none-eabi-9-2020-q2-update/bin/../lib/gcc/arm-none-eabi/9.3.1/../../../../arm-none-eabi/lib/thumb/v7e-m+dp/hard/libc_nano.a(lib_a-init.o)
                              /home/im/Programs/gcc-arm-none-eabi/gcc-arm-none-eabi-9-2020-q2-update/bin/../lib/gcc/arm-none-eabi/9.3.1/../../../../arm-none-eabi/lib/thumb/v7e-m+dp/hard/crt0.o (__libc_init_array)
/home/im/Programs/gcc-arm-none-eabi/gcc-arm-none-eabi-9-2020-q2-update/bin/../lib/gcc/arm-none-eabi/9.3.1/../../../../arm-none-eabi/lib/thumb/v7e-m+dp/hard/libc_nano.a(lib_a-memset.o)
                              /home/im/Programs/gcc-arm-none-eabi/gcc-arm-none-eabi-9-2020-q2-update/bin/../lib/gcc/arm-none-eabi/9.3.1/../../../../arm-none-eabi/lib/thumb/v7e-m+dp/hard/crt0.o (memset)
/home/im/Programs/gcc-arm-none-eabi/gcc-arm-none-eabi-9-2020-q2-update/bin/../lib/gcc/arm-none-eabi/9.3.1/../../../../arm-none-eabi/lib/thumb/v7e-m+dp/hard/libnosys.a(_exit.o)
                              /home/im/Programs/gcc-arm-none-eabi/gcc-arm-none-eabi-9-2020-q2-update/bin/../lib/gcc/arm-none-eabi/9.3.1/../../../../arm-none-eabi/lib/thumb/v7e-m+dp/hard/libc_nano.a(lib_a-exit.o) (_exit)
/home/im/Programs/gcc-arm-none-eabi/gcc-arm-none-eabi-9-2020-q2-update/bin/../lib/gcc/arm-none-eabi/9.3.1/thumb/v7e-m+dp/hard/libgcc.a(_aeabi_uldivmod.o)
                              build/stm32h7xx_hal_uart.o (__aeabi_uldivmod)
/home/im/Programs/gcc-arm-none-eabi/gcc-arm-none-eabi-9-2020-q2-update/bin/../lib/gcc/arm-none-eabi/9.3.1/thumb/v7e-m+dp/hard/libgcc.a(_udivmoddi4.o)
                              /home/im/Programs/gcc-arm-none-eabi/gcc-arm-none-eabi-9-2020-q2-update/bin/../lib/gcc/arm-none-eabi/9.3.1/thumb/v7e-m+dp/hard/libgcc.a(_aeabi_uldivmod.o) (__udivmoddi4)
/home/im/Programs/gcc-arm-none-eabi/gcc-arm-none-eabi-9-2020-q2-update/bin/../lib/gcc/arm-none-eabi/9.3.1/thumb/v7e-m+dp/hard/libgcc.a(_dvmd_tls.o)
                              /home/im/Programs/gcc-arm-none-eabi/gcc-arm-none-eabi-9-2020-q2-update/bin/../lib/gcc/arm-none-eabi/9.3.1/thumb/v7e-m+dp/hard/libgcc.a(_aeabi_uldivmod.o) (__aeabi_ldiv0)

Allocating common symbols
Common symbol       size              file

uwTick              0x4               build/stm32h7xx_hal.o
pFlash              0x1c              build/stm32h7xx_hal_flash.o
huart8              0x94              build/main.o

Discarded input sections

 .text          0x0000000000000000        0x0 /home/im/Programs/gcc-arm-none-eabi/gcc-arm-none-eabi-9-2020-q2-update/bin/../lib/gcc/arm-none-eabi/9.3.1/thumb/v7e-m+dp/hard/crti.o
 .data          0x0000000000000000        0x0 /home/im/Programs/gcc-arm-none-eabi/gcc-arm-none-eabi-9-2020-q2-update/bin/../lib/gcc/arm-none-eabi/9.3.1/thumb/v7e-m+dp/hard/crti.o
 .bss           0x0000000000000000        0x0 /home/im/Programs/gcc-arm-none-eabi/gcc-arm-none-eabi-9-2020-q2-update/bin/../lib/gcc/arm-none-eabi/9.3.1/thumb/v7e-m+dp/hard/crti.o
 .data          0x0000000000000000        0x4 /home/im/Programs/gcc-arm-none-eabi/gcc-arm-none-eabi-9-2020-q2-update/bin/../lib/gcc/arm-none-eabi/9.3.1/thumb/v7e-m+dp/hard/crtbegin.o
 .text          0x0000000000000000       0x7c /home/im/Programs/gcc-arm-none-eabi/gcc-arm-none-eabi-9-2020-q2-update/bin/../lib/gcc/arm-none-eabi/9.3.1/../../../../arm-none-eabi/lib/thumb/v7e-m+dp/hard/crt0.o
 .data          0x0000000000000000        0x0 /home/im/Programs/gcc-arm-none-eabi/gcc-arm-none-eabi-9-2020-q2-update/bin/../lib/gcc/arm-none-eabi/9.3.1/../../../../arm-none-eabi/lib/thumb/v7e-m+dp/hard/crt0.o
 .bss           0x0000000000000000        0x0 /home/im/Programs/gcc-arm-none-eabi/gcc-arm-none-eabi-9-2020-q2-update/bin/../lib/gcc/arm-none-eabi/9.3.1/../../../../arm-none-eabi/lib/thumb/v7e-m+dp/hard/crt0.o
 .ARM.extab     0x0000000000000000        0x0 /home/im/Programs/gcc-arm-none-eabi/gcc-arm-none-eabi-9-2020-q2-update/bin/../lib/gcc/arm-none-eabi/9.3.1/../../../../arm-none-eabi/lib/thumb/v7e-m+dp/hard/crt0.o
[...]
Memory Configuration

Name             Origin             Length             Attributes
FLASH            0x0000000008000000 0x0000000000100000 xr
RAM              0x0000000020000000 0x0000000000020000 xrw
ITCMRAM          0x0000000000000000 0x0000000000010000 xrw
*default*        0x0000000000000000 0xffffffffffffffff

Linker script and memory map

LOAD /home/im/Programs/gcc-arm-none-eabi/gcc-arm-none-eabi-9-2020-q2-update/bin/../lib/gcc/arm-none-eabi/9.3.1/thumb/v7e-m+dp/hard/crti.o
LOAD /home/im/Programs/gcc-arm-none-eabi/gcc-arm-none-eabi-9-2020-q2-update/bin/../lib/gcc/arm-none-eabi/9.3.1/thumb/v7e-m+dp/hard/crtbegin.o
LOAD /home/im/Programs/gcc-arm-none-eabi/gcc-arm-none-eabi-9-2020-q2-update/bin/../lib/gcc/arm-none-eabi/9.3.1/../../../../arm-none-eabi/lib/thumb/v7e-m+dp/hard/crt0.o
LOAD build/main.o
LOAD build/stm32h7xx_it.o
LOAD build/stm32h7xx_hal_msp.o
LOAD build/stm32h7xx_hal_cortex.o
LOAD build/stm32h7xx_hal_tim.o
LOAD build/stm32h7xx_hal_tim_ex.o
LOAD build/stm32h7xx_hal_uart.o
LOAD build/stm32h7xx_hal_uart_ex.o
LOAD build/stm32h7xx_hal_rcc.o
LOAD build/stm32h7xx_hal_rcc_ex.o
LOAD build/stm32h7xx_hal_flash.o
LOAD build/stm32h7xx_hal_flash_ex.o
LOAD build/stm32h7xx_hal_gpio.o
LOAD build/stm32h7xx_hal_hsem.o
LOAD build/stm32h7xx_hal_dma.o
LOAD build/stm32h7xx_hal_dma_ex.o
LOAD build/stm32h7xx_hal_mdma.o
LOAD build/stm32h7xx_hal_pwr.o
LOAD build/stm32h7xx_hal_pwr_ex.o
LOAD build/stm32h7xx_hal.o
LOAD build/stm32h7xx_hal_i2c.o
LOAD build/stm32h7xx_hal_i2c_ex.o
LOAD build/stm32h7xx_hal_exti.o
LOAD build/system_stm32h7xx_dualcore_boot_cm4_cm7.o
LOAD build/startup_stm32h747xx_CM7.o
LOAD /home/im/Programs/gcc-arm-none-eabi/gcc-arm-none-eabi-9-2020-q2-update/bin/../lib/gcc/arm-none-eabi/9.3.1/../../../../arm-none-eabi/lib/thumb/v7e-m+dp/hard/libc_nano.a
LOAD /home/im/Programs/gcc-arm-none-eabi/gcc-arm-none-eabi-9-2020-q2-update/bin/../lib/gcc/arm-none-eabi/9.3.1/../../../../arm-none-eabi/lib/thumb/v7e-m+dp/hard/libm.a
LOAD /home/im/Programs/gcc-arm-none-eabi/gcc-arm-none-eabi-9-2020-q2-update/bin/../lib/gcc/arm-none-eabi/9.3.1/../../../../arm-none-eabi/lib/thumb/v7e-m+dp/hard/libnosys.a
START GROUP
LOAD /home/im/Programs/gcc-arm-none-eabi/gcc-arm-none-eabi-9-2020-q2-update/bin/../lib/gcc/arm-none-eabi/9.3.1/thumb/v7e-m+dp/hard/libgcc.a
LOAD /home/im/Programs/gcc-arm-none-eabi/gcc-arm-none-eabi-9-2020-q2-update/bin/../lib/gcc/arm-none-eabi/9.3.1/../../../../arm-none-eabi/lib/thumb/v7e-m+dp/hard/libc_nano.a
END GROUP
START GROUP
LOAD /home/im/Programs/gcc-arm-none-eabi/gcc-arm-none-eabi-9-2020-q2-update/bin/../lib/gcc/arm-none-eabi/9.3.1/thumb/v7e-m+dp/hard/libgcc.a
LOAD /home/im/Programs/gcc-arm-none-eabi/gcc-arm-none-eabi-9-2020-q2-update/bin/../lib/gcc/arm-none-eabi/9.3.1/../../../../arm-none-eabi/lib/thumb/v7e-m+dp/hard/libc_nano.a
END GROUP
LOAD /home/im/Programs/gcc-arm-none-eabi/gcc-arm-none-eabi-9-2020-q2-update/bin/../lib/gcc/arm-none-eabi/9.3.1/thumb/v7e-m+dp/hard/crtend.o
LOAD /home/im/Programs/gcc-arm-none-eabi/gcc-arm-none-eabi-9-2020-q2-update/bin/../lib/gcc/arm-none-eabi/9.3.1/thumb/v7e-m+dp/hard/crtn.o
                0x0000000020020000                _estack = 0x20020000
                0x0000000000000200                _Min_Heap_Size = 0x200
                0x0000000000000400                _Min_Stack_Size = 0x400

.isr_vector     0x0000000008000000      0x298
                0x0000000008000000                . = ALIGN (0x4)
 *(.isr_vector)
 .isr_vector    0x0000000008000000      0x298 build/startup_stm32h747xx_CM7.o
                0x0000000008000000                g_pfnVectors
                0x0000000008000298                . = ALIGN (0x4)

.text           0x0000000008000298     0x1498
                0x0000000008000298                . = ALIGN (0x4)
 *(.text)
 .text          0x0000000008000298       0x40 /home/im/Programs/gcc-arm-none-eabi/gcc-arm-none-eabi-9-2020-q2-update/bin/../lib/gcc/arm-none-eabi/9.3.1/thumb/v7e-m+dp/hard/crtbegin.o
 *(.text*)
 .text.MX_GPIO_Init
                0x00000000080002d8       0xdc build/main.o
 .text.SystemClock_ConfigHighClock
                0x00000000080003b4       0xf4 build/main.o
                0x00000000080003b4                SystemClock_ConfigHighClock
 .text.Error_Handler
                0x00000000080004a8        0x4 build/main.o
                0x00000000080004a8                Error_Handler
 .text.SystemClock_ConfigLowClock
                0x00000000080004ac       0xc4 build/main.o
                0x00000000080004ac                SystemClock_ConfigLowClock
 .text.main     0x0000000008000570       0x60 build/main.o
                0x0000000008000570                main
 .text.NMI_Handler
                0x00000000080005d0        0x2 build/stm32h7xx_it.o
                0x00000000080005d0                NMI_Handler
 .text.HardFault_Handler
                0x00000000080005d2        0x2 build/stm32h7xx_it.o
                0x00000000080005d2                HardFault_Handler
 .text.MemManage_Handler
                0x00000000080005d4        0x2 build/stm32h7xx_it.o
                0x00000000080005d4                MemManage_Handler
 .text.BusFault_Handler
                0x00000000080005d6        0x2 build/stm32h7xx_it.o
                0x00000000080005d6                BusFault_Handler
 .text.UsageFault_Handler
                0x00000000080005d8        0x2 build/stm32h7xx_it.o
                0x00000000080005d8                UsageFault_Handler
 .text.SVC_Handler
                0x00000000080005da        0x2 build/stm32h7xx_it.o
                0x00000000080005da                SVC_Handler
 .text.DebugMon_Handler
                0x00000000080005dc        0x2 build/stm32h7xx_it.o
                0x00000000080005dc                DebugMon_Handler
 .text.PendSV_Handler
                0x00000000080005de        0x2 build/stm32h7xx_it.o
                0x00000000080005de                PendSV_Handler
 .text.SysTick_Handler
                0x00000000080005e0        0x8 build/stm32h7xx_it.o
                0x00000000080005e0                SysTick_Handler
 .text.HAL_MspInit
                0x00000000080005e8       0x24 build/stm32h7xx_hal_msp.o
                0x00000000080005e8                HAL_MspInit
 .text.HAL_NVIC_SetPriorityGrouping
                0x000000000800060c       0x24 build/stm32h7xx_hal_cortex.o
                0x000000000800060c                HAL_NVIC_SetPriorityGrouping
 .text.HAL_NVIC_SetPriority
                0x0000000008000630       0x64 build/stm32h7xx_hal_cortex.o
                0x0000000008000630                HAL_NVIC_SetPriority
 .text.HAL_SYSTICK_Config
                0x0000000008000694       0x2c build/stm32h7xx_hal_cortex.o
                0x0000000008000694                HAL_SYSTICK_Config
 .text.HAL_RCC_OscConfig
                0x00000000080006c0      0x6b4 build/stm32h7xx_hal_rcc.o
                0x00000000080006c0                HAL_RCC_OscConfig
 .text.HAL_RCC_GetSysClockFreq
                0x0000000008000d74      0x1f4 build/stm32h7xx_hal_rcc.o
                0x0000000008000d74                HAL_RCC_GetSysClockFreq
 .text.HAL_RCC_ClockConfig
                0x0000000008000f68      0x294 build/stm32h7xx_hal_rcc.o
                0x0000000008000f68                HAL_RCC_ClockConfig
 .text.HAL_GPIO_Init
                0x00000000080011fc      0x1ec build/stm32h7xx_hal_gpio.o
                0x00000000080011fc                HAL_GPIO_Init
 .text.HAL_GPIO_WritePin
                0x00000000080013e8        0xc build/stm32h7xx_hal_gpio.o
                0x00000000080013e8                HAL_GPIO_WritePin
 .text.HAL_PWREx_ConfigSupply
                0x00000000080013f4       0x94 build/stm32h7xx_hal_pwr_ex.o
                0x00000000080013f4                HAL_PWREx_ConfigSupply
 .text.HAL_InitTick
                0x0000000008001488       0x50 build/stm32h7xx_hal.o
                0x0000000008001488                HAL_InitTick
 .text.HAL_Init
                0x00000000080014d8       0x5c build/stm32h7xx_hal.o
                0x00000000080014d8                HAL_Init
 .text.HAL_IncTick
                0x0000000008001534       0x18 build/stm32h7xx_hal.o
                0x0000000008001534                HAL_IncTick
 .text.HAL_GetTick
                0x000000000800154c        0xc build/stm32h7xx_hal.o
                0x000000000800154c                HAL_GetTick
 .text.HAL_Delay
                0x0000000008001558       0x28 build/stm32h7xx_hal.o
                0x0000000008001558                HAL_Delay
 .text.HAL_GetREVID
                0x0000000008001580        0xc build/stm32h7xx_hal.o
                0x0000000008001580                HAL_GetREVID
 .text.SystemInit
                0x000000000800158c       0xe0 build/system_stm32h7xx_dualcore_boot_cm4_cm7.o
                0x000000000800158c                SystemInit
 .text.Reset_Handler
                0x000000000800166c       0x50 build/startup_stm32h747xx_CM7.o
                0x000000000800166c                Reset_Handler
 .text.Default_Handler
                0x00000000080016bc        0x2 build/startup_stm32h747xx_CM7.o
                0x00000000080016bc                RTC_Alarm_IRQHandler
                0x00000000080016bc                EXTI2_IRQHandler
                0x00000000080016bc                TIM8_CC_IRQHandler
                0x00000000080016bc                HRTIM1_Master_IRQHandler
                0x00000000080016bc                UART8_IRQHandler
                0x00000000080016bc                SPI4_IRQHandler
                0x00000000080016bc                TIM1_CC_IRQHandler
                0x00000000080016bc                BDMA_Channel6_IRQHandler
                0x00000000080016bc                DMA2_Stream5_IRQHandler
                0x00000000080016bc                HRTIM1_FLT_IRQHandler
                0x00000000080016bc                JPEG_IRQHandler
                0x00000000080016bc                DMA1_Stream5_IRQHandler
                0x00000000080016bc                BDMA_Channel1_IRQHandler
                0x00000000080016bc                HRTIM1_TIMD_IRQHandler
                0x00000000080016bc                TAMP_STAMP_IRQHandler
                0x00000000080016bc                EXTI3_IRQHandler
                0x00000000080016bc                LPTIM4_IRQHandler
                0x00000000080016bc                TIM8_TRG_COM_TIM14_IRQHandler
                0x00000000080016bc                LPTIM2_IRQHandler
                0x00000000080016bc                DFSDM1_FLT1_IRQHandler
                0x00000000080016bc                DMAMUX2_OVR_IRQHandler
                0x00000000080016bc                TIM8_UP_TIM13_IRQHandler
                0x00000000080016bc                I2C3_ER_IRQHandler
                0x00000000080016bc                DFSDM1_FLT2_IRQHandler
                0x00000000080016bc                MDMA_IRQHandler
                0x00000000080016bc                LPTIM3_IRQHandler
                0x00000000080016bc                HSEM1_IRQHandler
                0x00000000080016bc                EXTI0_IRQHandler
                0x00000000080016bc                I2C2_EV_IRQHandler
                0x00000000080016bc                DMA1_Stream2_IRQHandler
                0x00000000080016bc                FPU_IRQHandler
                0x00000000080016bc                OTG_HS_WKUP_IRQHandler
                0x00000000080016bc                FDCAN1_IT1_IRQHandler
                0x00000000080016bc                LTDC_ER_IRQHandler
                0x00000000080016bc                DMA2_Stream2_IRQHandler
                0x00000000080016bc                HRTIM1_TIME_IRQHandler
                0x00000000080016bc                SPI1_IRQHandler
                0x00000000080016bc                TIM6_DAC_IRQHandler
                0x00000000080016bc                DCMI_IRQHandler
                0x00000000080016bc                HRTIM1_TIMC_IRQHandler
                0x00000000080016bc                DMA2_Stream3_IRQHandler
                0x00000000080016bc                SAI2_IRQHandler
                0x00000000080016bc                DFSDM1_FLT3_IRQHandler
                0x00000000080016bc                USART6_IRQHandler
                0x00000000080016bc                TIM17_IRQHandler
                0x00000000080016bc                USART3_IRQHandler
                0x00000000080016bc                BDMA_Channel7_IRQHandler
                0x00000000080016bc                LPTIM5_IRQHandler
                0x00000000080016bc                UART5_IRQHandler
                0x00000000080016bc                ADC3_IRQHandler
                0x00000000080016bc                DMA2_Stream0_IRQHandler
                0x00000000080016bc                TIM4_IRQHandler
                0x00000000080016bc                BDMA_Channel2_IRQHandler
                0x00000000080016bc                QUADSPI_IRQHandler
                0x00000000080016bc                I2C1_EV_IRQHandler
                0x00000000080016bc                DMA1_Stream6_IRQHandler
                0x00000000080016bc                DMAMUX1_OVR_IRQHandler
                0x00000000080016bc                DMA1_Stream1_IRQHandler
                0x00000000080016bc                TIM16_IRQHandler
                0x00000000080016bc                UART4_IRQHandler
                0x00000000080016bc                BDMA_Channel5_IRQHandler
                0x00000000080016bc                TIM3_IRQHandler
                0x00000000080016bc                RCC_IRQHandler
                0x00000000080016bc                TIM8_BRK_TIM12_IRQHandler
                0x00000000080016bc                TIM1_TRG_COM_IRQHandler
                0x00000000080016bc                Default_Handler
                0x00000000080016bc                ECC_IRQHandler
                0x00000000080016bc                CEC_IRQHandler
                0x00000000080016bc                EXTI15_10_IRQHandler
                0x00000000080016bc                BDMA_Channel0_IRQHandler
                0x00000000080016bc                ADC_IRQHandler
                0x00000000080016bc                DMA1_Stream7_IRQHandler
                0x00000000080016bc                HRTIM1_TIMA_IRQHandler
                0x00000000080016bc                SPI5_IRQHandler
                0x00000000080016bc                TIM7_IRQHandler
                0x00000000080016bc                SDMMC1_IRQHandler
                0x00000000080016bc                TIM5_IRQHandler
                0x00000000080016bc                DMA2_Stream7_IRQHandler
                0x00000000080016bc                TIM15_IRQHandler
                0x00000000080016bc                PVD_AVD_IRQHandler
                0x00000000080016bc                I2C3_EV_IRQHandler
                0x00000000080016bc                EXTI9_5_IRQHandler
                0x00000000080016bc                RTC_WKUP_IRQHandler
                0x00000000080016bc                LTDC_IRQHandler
                0x00000000080016bc                SAI3_IRQHandler
                0x00000000080016bc                ETH_WKUP_IRQHandler
                0x00000000080016bc                SPDIF_RX_IRQHandler
                0x00000000080016bc                SPI2_IRQHandler
                0x00000000080016bc                OTG_HS_EP1_IN_IRQHandler
                0x00000000080016bc                DMA1_Stream0_IRQHandler
                0x00000000080016bc                CRS_IRQHandler
                0x00000000080016bc                CM7_SEV_IRQHandler
                0x00000000080016bc                EXTI4_IRQHandler
                0x00000000080016bc                RNG_IRQHandler
                0x00000000080016bc                CM4_SEV_IRQHandler
                0x00000000080016bc                HRTIM1_TIMB_IRQHandler
                0x00000000080016bc                FDCAN2_IT1_IRQHandler
                0x00000000080016bc                DSI_IRQHandler
                0x00000000080016bc                ETH_IRQHandler
                0x00000000080016bc                TIM1_UP_IRQHandler
                0x00000000080016bc                WWDG_RST_IRQHandler
                0x00000000080016bc                BDMA_Channel4_IRQHandler
                0x00000000080016bc                OTG_HS_EP1_OUT_IRQHandler
                0x00000000080016bc                WWDG_IRQHandler
                0x00000000080016bc                SPI6_IRQHandler
                0x00000000080016bc                MDIOS_IRQHandler
                0x00000000080016bc                I2C4_EV_IRQHandler
                0x00000000080016bc                FDCAN2_IT0_IRQHandler
                0x00000000080016bc                LPUART1_IRQHandler
                0x00000000080016bc                FDCAN1_IT0_IRQHandler
                0x00000000080016bc                TIM2_IRQHandler
                0x00000000080016bc                OTG_FS_WKUP_IRQHandler
                0x00000000080016bc                OTG_HS_IRQHandler
                0x00000000080016bc                HSEM2_IRQHandler
                0x00000000080016bc                DMA2D_IRQHandler
                0x00000000080016bc                TIM1_BRK_IRQHandler
                0x00000000080016bc                EXTI1_IRQHandler
                0x00000000080016bc                SDMMC2_IRQHandler
                0x00000000080016bc                OTG_FS_EP1_OUT_IRQHandler
                0x00000000080016bc                BDMA_Channel3_IRQHandler
                0x00000000080016bc                HOLD_CORE_IRQHandler
                0x00000000080016bc                UART7_IRQHandler
                0x00000000080016bc                MDIOS_WKUP_IRQHandler
                0x00000000080016bc                USART2_IRQHandler
                0x00000000080016bc                DFSDM1_FLT0_IRQHandler
                0x00000000080016bc                SAI4_IRQHandler
                0x00000000080016bc                I2C2_ER_IRQHandler
                0x00000000080016bc                DMA2_Stream1_IRQHandler
                0x00000000080016bc                FLASH_IRQHandler
                0x00000000080016bc                DMA2_Stream4_IRQHandler
                0x00000000080016bc                USART1_IRQHandler
                0x00000000080016bc                OTG_FS_IRQHandler
                0x00000000080016bc                SPI3_IRQHandler
                0x00000000080016bc                WAKEUP_PIN_IRQHandler
                0x00000000080016bc                DMA1_Stream4_IRQHandler
                0x00000000080016bc                OTG_FS_EP1_IN_IRQHandler
                0x00000000080016bc                I2C1_ER_IRQHandler
                0x00000000080016bc                FMC_IRQHandler
                0x00000000080016bc                FDCAN_CAL_IRQHandler
                0x00000000080016bc                SWPMI1_IRQHandler
                0x00000000080016bc                COMP1_IRQHandler
                0x00000000080016bc                LPTIM1_IRQHandler
                0x00000000080016bc                I2C4_ER_IRQHandler
                0x00000000080016bc                DMA2_Stream6_IRQHandler
                0x00000000080016bc                SAI1_IRQHandler
                0x00000000080016bc                DMA1_Stream3_IRQHandler
 *fill*         0x00000000080016be        0x2 
 .text.__libc_init_array
                0x00000000080016c0       0x48 /home/im/Programs/gcc-arm-none-eabi/gcc-arm-none-eabi-9-2020-q2-update/bin/../lib/gcc/arm-none-eabi/9.3.1/../../../../arm-none-eabi/lib/thumb/v7e-m+dp/hard/libc_nano.a(lib_a-init.o)
                0x00000000080016c0                __libc_init_array
 .text.memset   0x0000000008001708       0x10 /home/im/Programs/gcc-arm-none-eabi/gcc-arm-none-eabi-9-2020-q2-update/bin/../lib/gcc/arm-none-eabi/9.3.1/../../../../arm-none-eabi/lib/thumb/v7e-m+dp/hard/libc_nano.a(lib_a-memset.o)
                0x0000000008001708                memset
 *(.glue_7)
 .glue_7        0x0000000008001718        0x0 linker stubs
 *(.glue_7t)
 .glue_7t       0x0000000008001718        0x0 linker stubs
 *(.eh_frame)
 .eh_frame      0x0000000008001718        0x0 /home/im/Programs/gcc-arm-none-eabi/gcc-arm-none-eabi-9-2020-q2-update/bin/../lib/gcc/arm-none-eabi/9.3.1/thumb/v7e-m+dp/hard/crtbegin.o
 *(.init)
 .init          0x0000000008001718        0x4 /home/im/Programs/gcc-arm-none-eabi/gcc-arm-none-eabi-9-2020-q2-update/bin/../lib/gcc/arm-none-eabi/9.3.1/thumb/v7e-m+dp/hard/crti.o
                0x0000000008001718                _init
 .init          0x000000000800171c        0x8 /home/im/Programs/gcc-arm-none-eabi/gcc-arm-none-eabi-9-2020-q2-update/bin/../lib/gcc/arm-none-eabi/9.3.1/thumb/v7e-m+dp/hard/crtn.o
 *(.fini)
 .fini          0x0000000008001724        0x4 /home/im/Programs/gcc-arm-none-eabi/gcc-arm-none-eabi-9-2020-q2-update/bin/../lib/gcc/arm-none-eabi/9.3.1/thumb/v7e-m+dp/hard/crti.o
                0x0000000008001724                _fini
 .fini          0x0000000008001728        0x8 /home/im/Programs/gcc-arm-none-eabi/gcc-arm-none-eabi-9-2020-q2-update/bin/../lib/gcc/arm-none-eabi/9.3.1/thumb/v7e-m+dp/hard/crtn.o
                0x0000000008001730                . = ALIGN (0x4)
                0x0000000008001730                _etext = .

.vfp11_veneer   0x0000000008001730        0x0
 .vfp11_veneer  0x0000000008001730        0x0 linker stubs

.v4_bx          0x0000000008001730        0x0
 .v4_bx         0x0000000008001730        0x0 linker stubs

.iplt           0x0000000008001730        0x0
 .iplt          0x0000000008001730        0x0 /home/im/Programs/gcc-arm-none-eabi/gcc-arm-none-eabi-9-2020-q2-update/bin/../lib/gcc/arm-none-eabi/9.3.1/thumb/v7e-m+dp/hard/crtbegin.o

.rodata         0x0000000008001730       0x10
                0x0000000008001730                . = ALIGN (0x4)
 *(.rodata)
 *(.rodata*)
 .rodata.D1CorePrescTable
                0x0000000008001730       0x10 build/system_stm32h7xx_dualcore_boot_cm4_cm7.o
                0x0000000008001730                D1CorePrescTable
                0x0000000008001740                . = ALIGN (0x4)

.rel.dyn        0x0000000008001740        0x0
 .rel.iplt      0x0000000008001740        0x0 /home/im/Programs/gcc-arm-none-eabi/gcc-arm-none-eabi-9-2020-q2-update/bin/../lib/gcc/arm-none-eabi/9.3.1/thumb/v7e-m+dp/hard/crtbegin.o

.ARM.extab
 *(.ARM.extab* .gnu.linkonce.armextab.*)

.ARM            0x0000000008001740        0x0
                0x0000000008001740                __exidx_start = .
 *(.ARM.exidx*)
                0x0000000008001740                __exidx_end = .

.preinit_array  0x0000000008001740        0x0
                0x0000000008001740                PROVIDE (__preinit_array_start = .)
 *(.preinit_array*)
                0x0000000008001740                PROVIDE (__preinit_array_end = .)

.init_array     0x0000000008001740        0x4
                0x0000000008001740                PROVIDE (__init_array_start = .)
 *(SORT_BY_NAME(.init_array.*))
 *(.init_array*)
 .init_array    0x0000000008001740        0x4 /home/im/Programs/gcc-arm-none-eabi/gcc-arm-none-eabi-9-2020-q2-update/bin/../lib/gcc/arm-none-eabi/9.3.1/thumb/v7e-m+dp/hard/crtbegin.o
                0x0000000008001744                PROVIDE (__init_array_end = .)

.fini_array     0x0000000008001744        0x4
                [!provide]                        PROVIDE (__fini_array_start = .)
 *(SORT_BY_NAME(.fini_array.*))
 *(.fini_array*)
 .fini_array    0x0000000008001744        0x4 /home/im/Programs/gcc-arm-none-eabi/gcc-arm-none-eabi-9-2020-q2-update/bin/../lib/gcc/arm-none-eabi/9.3.1/thumb/v7e-m+dp/hard/crtbegin.o
                [!provide]                        PROVIDE (__fini_array_end = .)
                0x0000000008001748                _sidata = LOADADDR (.data)

.data           0x0000000020000000       0x10 load address 0x0000000008001748
                0x0000000020000000                . = ALIGN (0x4)
                0x0000000020000000                _sdata = .
 *(.data)
 *(.data*)
 .data.uwTickFreq
                0x0000000020000000        0x1 build/stm32h7xx_hal.o
                0x0000000020000000                uwTickFreq
 *fill*         0x0000000020000001        0x3 
 .data.uwTickPrio
                0x0000000020000004        0x4 build/stm32h7xx_hal.o
                0x0000000020000004                uwTickPrio
 .data.SystemCoreClock
                0x0000000020000008        0x4 build/system_stm32h7xx_dualcore_boot_cm4_cm7.o
                0x0000000020000008                SystemCoreClock
 .data.SystemD2Clock
                0x000000002000000c        0x4 build/system_stm32h7xx_dualcore_boot_cm4_cm7.o
                0x000000002000000c                SystemD2Clock
                0x0000000020000010                . = ALIGN (0x4)
                0x0000000020000010                _edata = .

.igot.plt       0x0000000020000010        0x0 load address 0x0000000008001758
 .igot.plt      0x0000000020000010        0x0 /home/im/Programs/gcc-arm-none-eabi/gcc-arm-none-eabi-9-2020-q2-update/bin/../lib/gcc/arm-none-eabi/9.3.1/thumb/v7e-m+dp/hard/crtbegin.o
                0x0000000020000010                . = ALIGN (0x4)

.bss            0x0000000020000010       0x20 load address 0x0000000008001758
                0x0000000020000010                _sbss = .
                0x0000000020000010                __bss_start__ = _sbss
 *(.bss)
 .bss           0x0000000020000010       0x1c /home/im/Programs/gcc-arm-none-eabi/gcc-arm-none-eabi-9-2020-q2-update/bin/../lib/gcc/arm-none-eabi/9.3.1/thumb/v7e-m+dp/hard/crtbegin.o
 *(.bss*)
 *(COMMON)
 COMMON         0x000000002000002c        0x4 build/stm32h7xx_hal.o
                0x000000002000002c                uwTick
                0x0000000020000030                . = ALIGN (0x4)
                0x0000000020000030                _ebss = .
                0x0000000020000030                __bss_end__ = _ebss

._user_heap_stack
                0x0000000020000030      0x600 load address 0x0000000008001758
                0x0000000020000030                . = ALIGN (0x8)
                [!provide]                        PROVIDE (end = .)
                [!provide]                        PROVIDE (_end = .)
                0x0000000020000230                . = (. + _Min_Heap_Size)
 *fill*         0x0000000020000030      0x200 
                0x0000000020000630                . = (. + _Min_Stack_Size)
 *fill*         0x0000000020000230      0x400 
                0x0000000020000630                . = ALIGN (0x8)

/DISCARD/
 libc.a(*)
 libm.a(*)
 libgcc.a(*)

.ARM.attributes
                0x0000000000000000       0x2e
 *(.ARM.attributes)
 .ARM.attributes
                0x0000000000000000       0x1e /home/im/Programs/gcc-arm-none-eabi/gcc-arm-none-eabi-9-2020-q2-update/bin/../lib/gcc/arm-none-eabi/9.3.1/thumb/v7e-m+dp/hard/crti.o
 .ARM.attributes
                0x000000000000001e       0x32 /home/im/Programs/gcc-arm-none-eabi/gcc-arm-none-eabi-9-2020-q2-update/bin/../lib/gcc/arm-none-eabi/9.3.1/thumb/v7e-m+dp/hard/crtbegin.o
 .ARM.attributes
                0x0000000000000050       0x32 build/main.o
 .ARM.attributes
                0x0000000000000082       0x32 build/stm32h7xx_it.o
 .ARM.attributes
                0x00000000000000b4       0x32 build/stm32h7xx_hal_msp.o
 .ARM.attributes
                0x00000000000000e6       0x32 build/stm32h7xx_hal_cortex.o
 .ARM.attributes
                0x0000000000000118       0x32 build/stm32h7xx_hal_rcc.o
 .ARM.attributes
                0x000000000000014a       0x32 build/stm32h7xx_hal_gpio.o
 .ARM.attributes
                0x000000000000017c       0x32 build/stm32h7xx_hal_pwr_ex.o
 .ARM.attributes
                0x00000000000001ae       0x32 build/stm32h7xx_hal.o
 .ARM.attributes
                0x00000000000001e0       0x32 build/system_stm32h7xx_dualcore_boot_cm4_cm7.o
 .ARM.attributes
                0x0000000000000212       0x21 build/startup_stm32h747xx_CM7.o
 .ARM.attributes
                0x0000000000000233       0x32 /home/im/Programs/gcc-arm-none-eabi/gcc-arm-none-eabi-9-2020-q2-update/bin/../lib/gcc/arm-none-eabi/9.3.1/../../../../arm-none-eabi/lib/thumb/v7e-m+dp/hard/libc_nano.a(lib_a-init.o)
 .ARM.attributes
                0x0000000000000265       0x32 /home/im/Programs/gcc-arm-none-eabi/gcc-arm-none-eabi-9-2020-q2-update/bin/../lib/gcc/arm-none-eabi/9.3.1/../../../../arm-none-eabi/lib/thumb/v7e-m+dp/hard/libc_nano.a(lib_a-memset.o)
 .ARM.attributes
                0x0000000000000297       0x1e /home/im/Programs/gcc-arm-none-eabi/gcc-arm-none-eabi-9-2020-q2-update/bin/../lib/gcc/arm-none-eabi/9.3.1/thumb/v7e-m+dp/hard/crtn.o
OUTPUT(build/stm32h747ai_CM7.elf elf32-littlearm)
LOAD linker stubs
LOAD /home/im/Programs/gcc-arm-none-eabi/gcc-arm-none-eabi-9-2020-q2-update/bin/../lib/gcc/arm-none-eabi/9.3.1/../../../../arm-none-eabi/lib/thumb/v7e-m+dp/hard/libc.a
LOAD /home/im/Programs/gcc-arm-none-eabi/gcc-arm-none-eabi-9-2020-q2-update/bin/../lib/gcc/arm-none-eabi/9.3.1/../../../../arm-none-eabi/lib/thumb/v7e-m+dp/hard/libm.a
LOAD /home/im/Programs/gcc-arm-none-eabi/gcc-arm-none-eabi-9-2020-q2-update/bin/../lib/gcc/arm-none-eabi/9.3.1/thumb/v7e-m+dp/hard/libgcc.a

.debug_info     0x0000000000000000    0x10fce
 .debug_info    0x0000000000000000     0x23a8 build/main.o
 .debug_info    0x00000000000023a8      0xd65 build/stm32h7xx_it.o
 .debug_info    0x000000000000310d     0x1e87 build/stm32h7xx_hal_msp.o
 .debug_info    0x0000000000004f94     0x20d3 build/stm32h7xx_hal_cortex.o
 .debug_info    0x0000000000007067     0x1f35 build/stm32h7xx_hal_rcc.o
 .debug_info    0x0000000000008f9c     0x1b7d build/stm32h7xx_hal_gpio.o
 .debug_info    0x000000000000ab19     0x22bc build/stm32h7xx_hal_pwr_ex.o
 .debug_info    0x000000000000cdd5     0x26c9 build/stm32h7xx_hal.o
 .debug_info    0x000000000000f49e     0x1b0e build/system_stm32h7xx_dualcore_boot_cm4_cm7.o
 .debug_info    0x0000000000010fac       0x22 build/startup_stm32h747xx_CM7.o

.debug_abbrev   0x0000000000000000     0x1d25
 .debug_abbrev  0x0000000000000000      0x366 build/main.o
 .debug_abbrev  0x0000000000000366      0x22b build/stm32h7xx_it.o
 .debug_abbrev  0x0000000000000591      0x2b4 build/stm32h7xx_hal_msp.o
 .debug_abbrev  0x0000000000000845      0x493 build/stm32h7xx_hal_cortex.o
 .debug_abbrev  0x0000000000000cd8      0x34d build/stm32h7xx_hal_rcc.o
 .debug_abbrev  0x0000000000001025      0x350 build/stm32h7xx_hal_gpio.o
 .debug_abbrev  0x0000000000001375      0x3e2 build/stm32h7xx_hal_pwr_ex.o
 .debug_abbrev  0x0000000000001757      0x359 build/stm32h7xx_hal.o
 .debug_abbrev  0x0000000000001ab0      0x263 build/system_stm32h7xx_dualcore_boot_cm4_cm7.o
 .debug_abbrev  0x0000000000001d13       0x12 build/startup_stm32h747xx_CM7.o

.debug_loc      0x0000000000000000     0x29fa
 .debug_loc     0x0000000000000000       0xd8 build/main.o
 .debug_loc     0x00000000000000d8       0x20 build/stm32h7xx_it.o
 .debug_loc     0x00000000000000f8       0xf6 build/stm32h7xx_hal_msp.o
 .debug_loc     0x00000000000001ee      0x7b6 build/stm32h7xx_hal_cortex.o
 .debug_loc     0x00000000000009a4      0xab2 build/stm32h7xx_hal_rcc.o
 .debug_loc     0x0000000000001456      0x45e build/stm32h7xx_hal_gpio.o
 .debug_loc     0x00000000000018b4      0x862 build/stm32h7xx_hal_pwr_ex.o
 .debug_loc     0x0000000000002116      0x70c build/stm32h7xx_hal.o
 .debug_loc     0x0000000000002822      0x1d8 build/system_stm32h7xx_dualcore_boot_cm4_cm7.o

.debug_aranges  0x0000000000000000      0x620
 .debug_aranges
                0x0000000000000000       0x40 build/main.o
 .debug_aranges
                0x0000000000000040       0x60 build/stm32h7xx_it.o
 .debug_aranges
                0x00000000000000a0       0x30 build/stm32h7xx_hal_msp.o
 .debug_aranges
                0x00000000000000d0       0xb0 build/stm32h7xx_hal_cortex.o
 .debug_aranges
                0x0000000000000180       0x88 build/stm32h7xx_hal_rcc.o
 .debug_aranges
                0x0000000000000208       0x58 build/stm32h7xx_hal_gpio.o
 .debug_aranges
                0x0000000000000260      0x170 build/stm32h7xx_hal_pwr_ex.o
 .debug_aranges
                0x00000000000003d0      0x200 build/stm32h7xx_hal.o
 .debug_aranges
                0x00000000000005d0       0x28 build/system_stm32h7xx_dualcore_boot_cm4_cm7.o
 .debug_aranges
                0x00000000000005f8       0x28 build/startup_stm32h747xx_CM7.o

.debug_ranges   0x0000000000000000      0x6b8
 .debug_ranges  0x0000000000000000       0x30 build/main.o
 .debug_ranges  0x0000000000000030       0x50 build/stm32h7xx_it.o
 .debug_ranges  0x0000000000000080       0x20 build/stm32h7xx_hal_msp.o
 .debug_ranges  0x00000000000000a0      0x100 build/stm32h7xx_hal_cortex.o
 .debug_ranges  0x00000000000001a0       0xe8 build/stm32h7xx_hal_rcc.o
 .debug_ranges  0x0000000000000288       0x48 build/stm32h7xx_hal_gpio.o
 .debug_ranges  0x00000000000002d0      0x1c0 build/stm32h7xx_hal_pwr_ex.o
 .debug_ranges  0x0000000000000490      0x1f0 build/stm32h7xx_hal.o
 .debug_ranges  0x0000000000000680       0x18 build/system_stm32h7xx_dualcore_boot_cm4_cm7.o
 .debug_ranges  0x0000000000000698       0x20 build/startup_stm32h747xx_CM7.o

.debug_line     0x0000000000000000     0x5546
 .debug_line    0x0000000000000000      0x6ea build/main.o
 .debug_line    0x00000000000006ea      0x427 build/stm32h7xx_it.o
 .debug_line    0x0000000000000b11      0x4c6 build/stm32h7xx_hal_msp.o
 .debug_line    0x0000000000000fd7      0x949 build/stm32h7xx_hal_cortex.o
 .debug_line    0x0000000000001920     0x13ef build/stm32h7xx_hal_rcc.o
 .debug_line    0x0000000000002d0f      0x898 build/stm32h7xx_hal_gpio.o
 .debug_line    0x00000000000035a7      0xda4 build/stm32h7xx_hal_pwr_ex.o
 .debug_line    0x000000000000434b      0xbbd build/stm32h7xx_hal.o
 .debug_line    0x0000000000004f08      0x5c4 build/system_stm32h7xx_dualcore_boot_cm4_cm7.o
 .debug_line    0x00000000000054cc       0x7a build/startup_stm32h747xx_CM7.o

.debug_str      0x0000000000000000     0x37d8
 .debug_str     0x0000000000000000     0x1282 build/main.o
                                       0x136a (size before relaxing)
 .debug_str     0x0000000000001282       0xbe build/stm32h7xx_it.o
                                        0x8dd (size before relaxing)
 .debug_str     0x0000000000001340      0x3e9 build/stm32h7xx_hal_msp.o
                                       0x1440 (size before relaxing)
 .debug_str     0x0000000000001729      0xe16 build/stm32h7xx_hal_cortex.o
                                       0x16f5 (size before relaxing)
 .debug_str     0x000000000000253f      0x376 build/stm32h7xx_hal_rcc.o
                                       0x1053 (size before relaxing)
 .debug_str     0x00000000000028b5      0x1c9 build/stm32h7xx_hal_gpio.o
                                        0xd8c (size before relaxing)
 .debug_str     0x0000000000002a7e      0x594 build/stm32h7xx_hal_pwr_ex.o
                                       0x117d (size before relaxing)
 .debug_str     0x0000000000003012      0x743 build/stm32h7xx_hal.o
                                       0x1c93 (size before relaxing)
 .debug_str     0x0000000000003755       0x5b build/system_stm32h7xx_dualcore_boot_cm4_cm7.o
                                        0xdfc (size before relaxing)
 .debug_str     0x00000000000037b0       0x28 build/startup_stm32h747xx_CM7.o
                                         0x59 (size before relaxing)

.comment        0x0000000000000000       0x4c
 .comment       0x0000000000000000       0x4c build/main.o
                                         0x4d (size before relaxing)
 .comment       0x000000000000004c       0x4d build/stm32h7xx_it.o
 .comment       0x000000000000004c       0x4d build/stm32h7xx_hal_msp.o
 .comment       0x000000000000004c       0x4d build/stm32h7xx_hal_cortex.o
 .comment       0x000000000000004c       0x4d build/stm32h7xx_hal_rcc.o
 .comment       0x000000000000004c       0x4d build/stm32h7xx_hal_gpio.o
 .comment       0x000000000000004c       0x4d build/stm32h7xx_hal_pwr_ex.o
 .comment       0x000000000000004c       0x4d build/stm32h7xx_hal.o
 .comment       0x000000000000004c       0x4d build/system_stm32h7xx_dualcore_boot_cm4_cm7.o

.debug_frame    0x0000000000000000      0xdac
 .debug_frame   0x0000000000000000       0xa4 build/main.o
 .debug_frame   0x00000000000000a4       0xa8 build/stm32h7xx_it.o
 .debug_frame   0x000000000000014c       0x64 build/stm32h7xx_hal_msp.o
 .debug_frame   0x00000000000001b0      0x16c build/stm32h7xx_hal_cortex.o
 .debug_frame   0x000000000000031c      0x18c build/stm32h7xx_hal_rcc.o
 .debug_frame   0x00000000000004a8       0xec build/stm32h7xx_hal_gpio.o
 .debug_frame   0x0000000000000594      0x324 build/stm32h7xx_hal_pwr_ex.o
 .debug_frame   0x00000000000008b8      0x46c build/stm32h7xx_hal.o
 .debug_frame   0x0000000000000d24       0x3c build/system_stm32h7xx_dualcore_boot_cm4_cm7.o
 .debug_frame   0x0000000000000d60       0x2c /home/im/Programs/gcc-arm-none-eabi/gcc-arm-none-eabi-9-2020-q2-update/bin/../lib/gcc/arm-none-eabi/9.3.1/../../../../arm-none-eabi/lib/thumb/v7e-m+dp/hard/libc_nano.a(lib_a-init.o)
 .debug_frame   0x0000000000000d8c       0x20 /home/im/Programs/gcc-arm-none-eabi/gcc-arm-none-eabi-9-2020-q2-update/bin/../lib/gcc/arm-none-eabi/9.3.1/../../../../arm-none-eabi/lib/thumb/v7e-m+dp/hard/libc_nano.a(lib_a-memset.o)

Cross Reference Table

Symbol                                            File
ADC3_IRQHandler                                   build/startup_stm32h747xx_CM7.o
ADC_IRQHandler                                    build/startup_stm32h747xx_CM7.o
BDMA_Channel0_IRQHandler                          build/startup_stm32h747xx_CM7.o
BDMA_Channel1_IRQHandler                          build/startup_stm32h747xx_CM7.o
BDMA_Channel2_IRQHandler                          build/startup_stm32h747xx_CM7.o
BDMA_Channel3_IRQHandler                          build/startup_stm32h747xx_CM7.o
BDMA_Channel4_IRQHandler                          build/startup_stm32h747xx_CM7.o
BDMA_Channel5_IRQHandler                          build/startup_stm32h747xx_CM7.o
BDMA_Channel6_IRQHandler                          build/startup_stm32h747xx_CM7.o
BDMA_Channel7_IRQHandler                          build/startup_stm32h747xx_CM7.o
BusFault_Handler                                  build/stm32h7xx_it.o
CEC_IRQHandler                                    build/startup_stm32h747xx_CM7.o
CM4_SEV_IRQHandler                                build/startup_stm32h747xx_CM7.o
CM7_SEV_IRQHandler                                build/startup_stm32h747xx_CM7.o
COMP1_IRQHandler                                  build/startup_stm32h747xx_CM7.o
CRS_IRQHandler                                    build/startup_stm32h747xx_CM7.o
D1CorePrescTable                                  build/system_stm32h7xx_dualcore_boot_cm4_cm7.o
                                                  build/stm32h7xx_hal.o
                                                  build/stm32h7xx_hal_rcc_ex.o
                                                  build/stm32h7xx_hal_rcc.o
DCMI_IRQHandler                                   build/startup_stm32h747xx_CM7.o
DFSDM1_FLT0_IRQHandler                            build/startup_stm32h747xx_CM7.o
DFSDM1_FLT1_IRQHandler                            build/startup_stm32h747xx_CM7.o
DFSDM1_FLT2_IRQHandler                            build/startup_stm32h747xx_CM7.o
DFSDM1_FLT3_IRQHandler                            build/startup_stm32h747xx_CM7.o
DMA1_Stream0_IRQHandler                           build/startup_stm32h747xx_CM7.o
DMA1_Stream1_IRQHandler                           build/startup_stm32h747xx_CM7.o
DMA1_Stream2_IRQHandler                           build/startup_stm32h747xx_CM7.o
DMA1_Stream3_IRQHandler                           build/startup_stm32h747xx_CM7.o
DMA1_Stream4_IRQHandler                           build/startup_stm32h747xx_CM7.o
DMA1_Stream5_IRQHandler                           build/startup_stm32h747xx_CM7.o
DMA1_Stream6_IRQHandler                           build/startup_stm32h747xx_CM7.o
DMA1_Stream7_IRQHandler                           build/startup_stm32h747xx_CM7.o
DMA2D_IRQHandler                                  build/startup_stm32h747xx_CM7.o
DMA2_Stream0_IRQHandler                           build/startup_stm32h747xx_CM7.o
DMA2_Stream1_IRQHandler                           build/startup_stm32h747xx_CM7.o
DMA2_Stream2_IRQHandler                           build/startup_stm32h747xx_CM7.o
DMA2_Stream3_IRQHandler                           build/startup_stm32h747xx_CM7.o
DMA2_Stream4_IRQHandler                           build/startup_stm32h747xx_CM7.o
DMA2_Stream5_IRQHandler                           build/startup_stm32h747xx_CM7.o
DMA2_Stream6_IRQHandler                           build/startup_stm32h747xx_CM7.o
DMA2_Stream7_IRQHandler                           build/startup_stm32h747xx_CM7.o
DMAMUX1_OVR_IRQHandler                            build/startup_stm32h747xx_CM7.o
DMAMUX2_OVR_IRQHandler                            build/startup_stm32h747xx_CM7.o
DSI_IRQHandler                                    build/startup_stm32h747xx_CM7.o
DebugMon_Handler                                  build/stm32h7xx_it.o
Default_Handler                                   build/startup_stm32h747xx_CM7.o
ECC_IRQHandler                                    build/startup_stm32h747xx_CM7.o
ETH_IRQHandler                                    build/startup_stm32h747xx_CM7.o
ETH_WKUP_IRQHandler                               build/startup_stm32h747xx_CM7.o
EXTI0_IRQHandler                                  build/startup_stm32h747xx_CM7.o
EXTI15_10_IRQHandler                              build/startup_stm32h747xx_CM7.o
EXTI1_IRQHandler                                  build/startup_stm32h747xx_CM7.o
EXTI2_IRQHandler                                  build/startup_stm32h747xx_CM7.o
EXTI3_IRQHandler                                  build/startup_stm32h747xx_CM7.o
EXTI4_IRQHandler                                  build/startup_stm32h747xx_CM7.o
EXTI9_5_IRQHandler                                build/startup_stm32h747xx_CM7.o
Error_Handler                                     build/main.o
                                                  build/stm32h7xx_hal_msp.o
FDCAN1_IT0_IRQHandler                             build/startup_stm32h747xx_CM7.o
FDCAN1_IT1_IRQHandler                             build/startup_stm32h747xx_CM7.o
FDCAN2_IT0_IRQHandler                             build/startup_stm32h747xx_CM7.o
FDCAN2_IT1_IRQHandler                             build/startup_stm32h747xx_CM7.o
FDCAN_CAL_IRQHandler                              build/startup_stm32h747xx_CM7.o
FLASH_CRC_WaitForLastOperation                    build/stm32h7xx_hal_flash.o
                                                  build/stm32h7xx_hal_flash_ex.o
FLASH_Erase_Sector                                build/stm32h7xx_hal_flash_ex.o
                                                  build/stm32h7xx_hal_flash.o
FLASH_IRQHandler                                  build/startup_stm32h747xx_CM7.o
FLASH_OB_WaitForLastOperation                     build/stm32h7xx_hal_flash.o
                                                  build/stm32h7xx_hal_flash_ex.o
FLASH_WaitForLastOperation                        build/stm32h7xx_hal_flash.o
                                                  build/stm32h7xx_hal_flash_ex.o
FMC_IRQHandler                                    build/startup_stm32h747xx_CM7.o
FPU_IRQHandler                                    build/startup_stm32h747xx_CM7.o
HAL_DBGMCU_DisableDBGSleepMode                    build/stm32h7xx_hal.o
HAL_DBGMCU_DisableDBGStandbyMode                  build/stm32h7xx_hal.o
HAL_DBGMCU_DisableDBGStopMode                     build/stm32h7xx_hal.o
HAL_DBGMCU_EnableDBGSleepMode                     build/stm32h7xx_hal.o
HAL_DBGMCU_EnableDBGStandbyMode                   build/stm32h7xx_hal.o
HAL_DBGMCU_EnableDBGStopMode                      build/stm32h7xx_hal.o
HAL_DMAEx_ChangeMemory                            build/stm32h7xx_hal_dma_ex.o
HAL_DMAEx_ConfigMuxRequestGenerator               build/stm32h7xx_hal_dma_ex.o
HAL_DMAEx_ConfigMuxSync                           build/stm32h7xx_hal_dma_ex.o
HAL_DMAEx_DisableMuxRequestGenerator              build/stm32h7xx_hal_dma_ex.o
HAL_DMAEx_EnableMuxRequestGenerator               build/stm32h7xx_hal_dma_ex.o
HAL_DMAEx_MUX_IRQHandler                          build/stm32h7xx_hal_dma_ex.o
HAL_DMAEx_MultiBufferStart                        build/stm32h7xx_hal_dma_ex.o
HAL_DMAEx_MultiBufferStart_IT                     build/stm32h7xx_hal_dma_ex.o
HAL_DMA_Abort                                     build/stm32h7xx_hal_dma.o
                                                  build/stm32h7xx_hal_uart.o
HAL_DMA_Abort_IT                                  build/stm32h7xx_hal_dma.o
                                                  build/stm32h7xx_hal_i2c.o
                                                  build/stm32h7xx_hal_uart.o
HAL_DMA_DeInit                                    build/stm32h7xx_hal_dma.o
HAL_DMA_GetError                                  build/stm32h7xx_hal_dma.o
                                                  build/stm32h7xx_hal_i2c.o
                                                  build/stm32h7xx_hal_uart.o
HAL_DMA_GetState                                  build/stm32h7xx_hal_dma.o
                                                  build/stm32h7xx_hal_i2c.o
HAL_DMA_IRQHandler                                build/stm32h7xx_hal_dma.o
HAL_DMA_Init                                      build/stm32h7xx_hal_dma.o
HAL_DMA_PollForTransfer                           build/stm32h7xx_hal_dma.o
HAL_DMA_RegisterCallback                          build/stm32h7xx_hal_dma.o
HAL_DMA_Start                                     build/stm32h7xx_hal_dma.o
HAL_DMA_Start_IT                                  build/stm32h7xx_hal_dma.o
                                                  build/stm32h7xx_hal_i2c.o
                                                  build/stm32h7xx_hal_uart.o
HAL_DMA_UnRegisterCallback                        build/stm32h7xx_hal_dma.o
HAL_DeInit                                        build/stm32h7xx_hal.o
HAL_Delay                                         build/stm32h7xx_hal.o
                                                  build/main.o
HAL_DisableCompensationCell                       build/stm32h7xx_hal.o
HAL_DisableDomain2DBGSleepMode                    build/stm32h7xx_hal.o
HAL_DisableDomain2DBGStandbyMode                  build/stm32h7xx_hal.o
HAL_DisableDomain2DBGStopMode                     build/stm32h7xx_hal.o
HAL_EXTI_ClearConfigLine                          build/stm32h7xx_hal_exti.o
HAL_EXTI_ClearPending                             build/stm32h7xx_hal_exti.o
HAL_EXTI_D1_ClearFlag                             build/stm32h7xx_hal.o
HAL_EXTI_D1_EventInputConfig                      build/stm32h7xx_hal.o
HAL_EXTI_D2_ClearFlag                             build/stm32h7xx_hal.o
HAL_EXTI_D2_EventInputConfig                      build/stm32h7xx_hal.o
HAL_EXTI_D3_EventInputConfig                      build/stm32h7xx_hal.o
HAL_EXTI_EdgeConfig                               build/stm32h7xx_hal.o
HAL_EXTI_GenerateSWI                              build/stm32h7xx_hal_exti.o
HAL_EXTI_GenerateSWInterrupt                      build/stm32h7xx_hal.o
HAL_EXTI_GetConfigLine                            build/stm32h7xx_hal_exti.o
HAL_EXTI_GetHandle                                build/stm32h7xx_hal_exti.o
HAL_EXTI_GetPending                               build/stm32h7xx_hal_exti.o
HAL_EXTI_IRQHandler                               build/stm32h7xx_hal_exti.o
HAL_EXTI_RegisterCallback                         build/stm32h7xx_hal_exti.o
HAL_EXTI_SetConfigLine                            build/stm32h7xx_hal_exti.o
HAL_EnableCompensationCell                        build/stm32h7xx_hal.o
HAL_EnableDomain2DBGSleepMode                     build/stm32h7xx_hal.o
HAL_EnableDomain2DBGStandbyMode                   build/stm32h7xx_hal.o
HAL_EnableDomain2DBGStopMode                      build/stm32h7xx_hal.o
HAL_FLASHEx_ComputeCRC                            build/stm32h7xx_hal_flash_ex.o
HAL_FLASHEx_Erase                                 build/stm32h7xx_hal_flash_ex.o
HAL_FLASHEx_Erase_IT                              build/stm32h7xx_hal_flash_ex.o
HAL_FLASHEx_Lock_Bank1                            build/stm32h7xx_hal_flash_ex.o
HAL_FLASHEx_Lock_Bank2                            build/stm32h7xx_hal_flash_ex.o
HAL_FLASHEx_OBGetConfig                           build/stm32h7xx_hal_flash_ex.o
HAL_FLASHEx_OBProgram                             build/stm32h7xx_hal_flash_ex.o
HAL_FLASHEx_Unlock_Bank1                          build/stm32h7xx_hal_flash_ex.o
HAL_FLASHEx_Unlock_Bank2                          build/stm32h7xx_hal_flash_ex.o
HAL_FLASH_EndOfOperationCallback                  build/stm32h7xx_hal_flash.o
HAL_FLASH_GetError                                build/stm32h7xx_hal_flash.o
HAL_FLASH_IRQHandler                              build/stm32h7xx_hal_flash.o
HAL_FLASH_Lock                                    build/stm32h7xx_hal_flash.o
HAL_FLASH_OB_Launch                               build/stm32h7xx_hal_flash.o
HAL_FLASH_OB_Lock                                 build/stm32h7xx_hal_flash.o
HAL_FLASH_OB_Unlock                               build/stm32h7xx_hal_flash.o
HAL_FLASH_OperationErrorCallback                  build/stm32h7xx_hal_flash.o
HAL_FLASH_Program                                 build/stm32h7xx_hal_flash.o
HAL_FLASH_Program_IT                              build/stm32h7xx_hal_flash.o
HAL_FLASH_Unlock                                  build/stm32h7xx_hal_flash.o
HAL_GPIO_DeInit                                   build/stm32h7xx_hal_gpio.o
                                                  build/stm32h7xx_hal_msp.o
HAL_GPIO_EXTI_Callback                            build/stm32h7xx_hal_gpio.o
HAL_GPIO_EXTI_IRQHandler                          build/stm32h7xx_hal_gpio.o
HAL_GPIO_Init                                     build/stm32h7xx_hal_gpio.o
                                                  build/stm32h7xx_hal_rcc.o
                                                  build/stm32h7xx_hal_msp.o
                                                  build/main.o
HAL_GPIO_LockPin                                  build/stm32h7xx_hal_gpio.o
HAL_GPIO_ReadPin                                  build/stm32h7xx_hal_gpio.o
HAL_GPIO_TogglePin                                build/stm32h7xx_hal_gpio.o
HAL_GPIO_WritePin                                 build/stm32h7xx_hal_gpio.o
                                                  build/main.o
HAL_GetCurrentCPUID                               build/stm32h7xx_hal_cortex.o
                                                  build/stm32h7xx_hal_exti.o
                                                  build/stm32h7xx_hal_pwr_ex.o
                                                  build/stm32h7xx_hal_pwr.o
HAL_GetDEVID                                      build/stm32h7xx_hal.o
HAL_GetFMCMemorySwappingConfig                    build/stm32h7xx_hal.o
HAL_GetHalVersion                                 build/stm32h7xx_hal.o
HAL_GetREVID                                      build/stm32h7xx_hal.o
                                                  build/stm32h7xx_hal_rcc_ex.o
                                                  build/stm32h7xx_hal_rcc.o
HAL_GetTick                                       build/stm32h7xx_hal.o
                                                  build/stm32h7xx_hal_i2c.o
                                                  build/stm32h7xx_hal_pwr_ex.o
                                                  build/stm32h7xx_hal_mdma.o
                                                  build/stm32h7xx_hal_dma.o
                                                  build/stm32h7xx_hal_flash.o
                                                  build/stm32h7xx_hal_rcc_ex.o
                                                  build/stm32h7xx_hal_rcc.o
                                                  build/stm32h7xx_hal_uart_ex.o
                                                  build/stm32h7xx_hal_uart.o
HAL_GetTickFreq                                   build/stm32h7xx_hal.o
HAL_GetTickPrio                                   build/stm32h7xx_hal.o
HAL_GetUIDw0                                      build/stm32h7xx_hal.o
HAL_GetUIDw1                                      build/stm32h7xx_hal.o
HAL_GetUIDw2                                      build/stm32h7xx_hal.o
HAL_HSEM_ActivateNotification                     build/stm32h7xx_hal_hsem.o
HAL_HSEM_DeactivateNotification                   build/stm32h7xx_hal_hsem.o
HAL_HSEM_FastTake                                 build/stm32h7xx_hal_hsem.o
HAL_HSEM_FreeCallback                             build/stm32h7xx_hal_hsem.o
HAL_HSEM_GetClearKey                              build/stm32h7xx_hal_hsem.o
HAL_HSEM_IRQHandler                               build/stm32h7xx_hal_hsem.o
HAL_HSEM_IsSemTaken                               build/stm32h7xx_hal_hsem.o
HAL_HSEM_Release                                  build/stm32h7xx_hal_hsem.o
HAL_HSEM_ReleaseAll                               build/stm32h7xx_hal_hsem.o
HAL_HSEM_SetClearKey                              build/stm32h7xx_hal_hsem.o
HAL_HSEM_Take                                     build/stm32h7xx_hal_hsem.o
HAL_HalfDuplex_EnableReceiver                     build/stm32h7xx_hal_uart.o
HAL_HalfDuplex_EnableTransmitter                  build/stm32h7xx_hal_uart.o
HAL_HalfDuplex_Init                               build/stm32h7xx_hal_uart.o
HAL_I2CEx_ConfigAnalogFilter                      build/stm32h7xx_hal_i2c_ex.o
HAL_I2CEx_ConfigDigitalFilter                     build/stm32h7xx_hal_i2c_ex.o
HAL_I2CEx_DisableFastModePlus                     build/stm32h7xx_hal_i2c_ex.o
HAL_I2CEx_DisableWakeUp                           build/stm32h7xx_hal_i2c_ex.o
HAL_I2CEx_EnableFastModePlus                      build/stm32h7xx_hal_i2c_ex.o
HAL_I2CEx_EnableWakeUp                            build/stm32h7xx_hal_i2c_ex.o
HAL_I2C_AbortCpltCallback                         build/stm32h7xx_hal_i2c.o
HAL_I2C_AddrCallback                              build/stm32h7xx_hal_i2c.o
HAL_I2C_DeInit                                    build/stm32h7xx_hal_i2c.o
HAL_I2C_DisableListen_IT                          build/stm32h7xx_hal_i2c.o
HAL_I2C_ER_IRQHandler                             build/stm32h7xx_hal_i2c.o
HAL_I2C_EV_IRQHandler                             build/stm32h7xx_hal_i2c.o
HAL_I2C_EnableListen_IT                           build/stm32h7xx_hal_i2c.o
HAL_I2C_ErrorCallback                             build/stm32h7xx_hal_i2c.o
HAL_I2C_GetError                                  build/stm32h7xx_hal_i2c.o
HAL_I2C_GetMode                                   build/stm32h7xx_hal_i2c.o
HAL_I2C_GetState                                  build/stm32h7xx_hal_i2c.o
HAL_I2C_Init                                      build/stm32h7xx_hal_i2c.o
HAL_I2C_IsDeviceReady                             build/stm32h7xx_hal_i2c.o
HAL_I2C_ListenCpltCallback                        build/stm32h7xx_hal_i2c.o
HAL_I2C_MasterRxCpltCallback                      build/stm32h7xx_hal_i2c.o
HAL_I2C_MasterTxCpltCallback                      build/stm32h7xx_hal_i2c.o
HAL_I2C_Master_Abort_IT                           build/stm32h7xx_hal_i2c.o
HAL_I2C_Master_Receive                            build/stm32h7xx_hal_i2c.o
HAL_I2C_Master_Receive_DMA                        build/stm32h7xx_hal_i2c.o
HAL_I2C_Master_Receive_IT                         build/stm32h7xx_hal_i2c.o
HAL_I2C_Master_Seq_Receive_DMA                    build/stm32h7xx_hal_i2c.o
HAL_I2C_Master_Seq_Receive_IT                     build/stm32h7xx_hal_i2c.o
HAL_I2C_Master_Seq_Transmit_DMA                   build/stm32h7xx_hal_i2c.o
HAL_I2C_Master_Seq_Transmit_IT                    build/stm32h7xx_hal_i2c.o
HAL_I2C_Master_Transmit                           build/stm32h7xx_hal_i2c.o
HAL_I2C_Master_Transmit_DMA                       build/stm32h7xx_hal_i2c.o
HAL_I2C_Master_Transmit_IT                        build/stm32h7xx_hal_i2c.o
HAL_I2C_MemRxCpltCallback                         build/stm32h7xx_hal_i2c.o
HAL_I2C_MemTxCpltCallback                         build/stm32h7xx_hal_i2c.o
HAL_I2C_Mem_Read                                  build/stm32h7xx_hal_i2c.o
HAL_I2C_Mem_Read_DMA                              build/stm32h7xx_hal_i2c.o
HAL_I2C_Mem_Read_IT                               build/stm32h7xx_hal_i2c.o
HAL_I2C_Mem_Write                                 build/stm32h7xx_hal_i2c.o
HAL_I2C_Mem_Write_DMA                             build/stm32h7xx_hal_i2c.o
HAL_I2C_Mem_Write_IT                              build/stm32h7xx_hal_i2c.o
HAL_I2C_MspDeInit                                 build/stm32h7xx_hal_i2c.o
HAL_I2C_MspInit                                   build/stm32h7xx_hal_i2c.o
HAL_I2C_SlaveRxCpltCallback                       build/stm32h7xx_hal_i2c.o
HAL_I2C_SlaveTxCpltCallback                       build/stm32h7xx_hal_i2c.o
HAL_I2C_Slave_Receive                             build/stm32h7xx_hal_i2c.o
HAL_I2C_Slave_Receive_DMA                         build/stm32h7xx_hal_i2c.o
HAL_I2C_Slave_Receive_IT                          build/stm32h7xx_hal_i2c.o
HAL_I2C_Slave_Seq_Receive_DMA                     build/stm32h7xx_hal_i2c.o
HAL_I2C_Slave_Seq_Receive_IT                      build/stm32h7xx_hal_i2c.o
HAL_I2C_Slave_Seq_Transmit_DMA                    build/stm32h7xx_hal_i2c.o
HAL_I2C_Slave_Seq_Transmit_IT                     build/stm32h7xx_hal_i2c.o
HAL_I2C_Slave_Transmit                            build/stm32h7xx_hal_i2c.o
HAL_I2C_Slave_Transmit_DMA                        build/stm32h7xx_hal_i2c.o
HAL_I2C_Slave_Transmit_IT                         build/stm32h7xx_hal_i2c.o
HAL_IncTick                                       build/stm32h7xx_hal.o
                                                  build/stm32h7xx_it.o
HAL_Init                                          build/stm32h7xx_hal.o
                                                  build/main.o
HAL_InitTick                                      build/stm32h7xx_hal.o
                                                  build/stm32h7xx_hal_rcc.o
HAL_LIN_Init                                      build/stm32h7xx_hal_uart.o
HAL_LIN_SendBreak                                 build/stm32h7xx_hal_uart.o
HAL_MDMA_Abort                                    build/stm32h7xx_hal_mdma.o
HAL_MDMA_Abort_IT                                 build/stm32h7xx_hal_mdma.o
HAL_MDMA_ConfigPostRequestMask                    build/stm32h7xx_hal_mdma.o
HAL_MDMA_DeInit                                   build/stm32h7xx_hal_mdma.o
HAL_MDMA_GenerateSWRequest                        build/stm32h7xx_hal_mdma.o
HAL_MDMA_GetError                                 build/stm32h7xx_hal_mdma.o
HAL_MDMA_GetState                                 build/stm32h7xx_hal_mdma.o
HAL_MDMA_IRQHandler                               build/stm32h7xx_hal_mdma.o
HAL_MDMA_Init                                     build/stm32h7xx_hal_mdma.o
HAL_MDMA_LinkedList_AddNode                       build/stm32h7xx_hal_mdma.o
HAL_MDMA_LinkedList_CreateNode                    build/stm32h7xx_hal_mdma.o
HAL_MDMA_LinkedList_DisableCircularMode           build/stm32h7xx_hal_mdma.o
HAL_MDMA_LinkedList_EnableCircularMode            build/stm32h7xx_hal_mdma.o
HAL_MDMA_LinkedList_RemoveNode                    build/stm32h7xx_hal_mdma.o
HAL_MDMA_PollForTransfer                          build/stm32h7xx_hal_mdma.o
HAL_MDMA_RegisterCallback                         build/stm32h7xx_hal_mdma.o
HAL_MDMA_Start                                    build/stm32h7xx_hal_mdma.o
HAL_MDMA_Start_IT                                 build/stm32h7xx_hal_mdma.o
HAL_MDMA_UnRegisterCallback                       build/stm32h7xx_hal_mdma.o
HAL_MPU_ConfigRegion                              build/stm32h7xx_hal_cortex.o
HAL_MPU_Disable                                   build/stm32h7xx_hal_cortex.o
HAL_MPU_Enable                                    build/stm32h7xx_hal_cortex.o
HAL_MspDeInit                                     build/stm32h7xx_hal.o
HAL_MspInit                                       build/stm32h7xx_hal_msp.o
HAL_MultiProcessorEx_AddressLength_Set            build/stm32h7xx_hal_uart_ex.o
HAL_MultiProcessor_DisableMuteMode                build/stm32h7xx_hal_uart.o
HAL_MultiProcessor_EnableMuteMode                 build/stm32h7xx_hal_uart.o
HAL_MultiProcessor_EnterMuteMode                  build/stm32h7xx_hal_uart.o
HAL_MultiProcessor_Init                           build/stm32h7xx_hal_uart.o
HAL_NVIC_ClearPendingIRQ                          build/stm32h7xx_hal_cortex.o
HAL_NVIC_DisableIRQ                               build/stm32h7xx_hal_cortex.o
HAL_NVIC_EnableIRQ                                build/stm32h7xx_hal_cortex.o
HAL_NVIC_GetActive                                build/stm32h7xx_hal_cortex.o
HAL_NVIC_GetPendingIRQ                            build/stm32h7xx_hal_cortex.o
HAL_NVIC_GetPriority                              build/stm32h7xx_hal_cortex.o
HAL_NVIC_GetPriorityGrouping                      build/stm32h7xx_hal_cortex.o
HAL_NVIC_SetPendingIRQ                            build/stm32h7xx_hal_cortex.o
HAL_NVIC_SetPriority                              build/stm32h7xx_hal_cortex.o
                                                  build/stm32h7xx_hal.o
HAL_NVIC_SetPriorityGrouping                      build/stm32h7xx_hal_cortex.o
                                                  build/stm32h7xx_hal.o
HAL_NVIC_SystemReset                              build/stm32h7xx_hal_cortex.o
HAL_PWREx_AVDCallback                             build/stm32h7xx_hal_pwr_ex.o
HAL_PWREx_ClearDomainFlags                        build/stm32h7xx_hal_pwr_ex.o
HAL_PWREx_ClearPendingEvent                       build/stm32h7xx_hal_pwr_ex.o
HAL_PWREx_ClearWakeupFlag                         build/stm32h7xx_hal_pwr_ex.o
HAL_PWREx_ConfigAVD                               build/stm32h7xx_hal_pwr_ex.o
HAL_PWREx_ConfigD3Domain                          build/stm32h7xx_hal_pwr_ex.o
HAL_PWREx_ConfigSupply                            build/stm32h7xx_hal_pwr_ex.o
                                                  build/main.o
HAL_PWREx_ControlStopModeVoltageScaling           build/stm32h7xx_hal_pwr_ex.o
HAL_PWREx_ControlVoltageScaling                   build/stm32h7xx_hal_pwr_ex.o
HAL_PWREx_DisableAVD                              build/stm32h7xx_hal_pwr_ex.o
HAL_PWREx_DisableBatteryCharging                  build/stm32h7xx_hal_pwr_ex.o
HAL_PWREx_DisableBkUpReg                          build/stm32h7xx_hal_pwr_ex.o
HAL_PWREx_DisableFlashPowerDown                   build/stm32h7xx_hal_pwr_ex.o
HAL_PWREx_DisableMonitoring                       build/stm32h7xx_hal_pwr_ex.o
HAL_PWREx_DisableUSBReg                           build/stm32h7xx_hal_pwr_ex.o
HAL_PWREx_DisableUSBVoltageDetector               build/stm32h7xx_hal_pwr_ex.o
HAL_PWREx_DisableWakeUpPin                        build/stm32h7xx_hal_pwr_ex.o
HAL_PWREx_EnableAVD                               build/stm32h7xx_hal_pwr_ex.o
HAL_PWREx_EnableBatteryCharging                   build/stm32h7xx_hal_pwr_ex.o
HAL_PWREx_EnableBkUpReg                           build/stm32h7xx_hal_pwr_ex.o
HAL_PWREx_EnableFlashPowerDown                    build/stm32h7xx_hal_pwr_ex.o
HAL_PWREx_EnableMonitoring                        build/stm32h7xx_hal_pwr_ex.o
HAL_PWREx_EnableUSBReg                            build/stm32h7xx_hal_pwr_ex.o
HAL_PWREx_EnableUSBVoltageDetector                build/stm32h7xx_hal_pwr_ex.o
HAL_PWREx_EnableWakeUpPin                         build/stm32h7xx_hal_pwr_ex.o
HAL_PWREx_EnterSTANDBYMode                        build/stm32h7xx_hal_pwr_ex.o
HAL_PWREx_EnterSTOPMode                           build/stm32h7xx_hal_pwr_ex.o
HAL_PWREx_GetStopModeVoltageRange                 build/stm32h7xx_hal_pwr_ex.o
HAL_PWREx_GetSupplyConfig                         build/stm32h7xx_hal_pwr_ex.o
HAL_PWREx_GetTemperatureLevel                     build/stm32h7xx_hal_pwr_ex.o
HAL_PWREx_GetVBATLevel                            build/stm32h7xx_hal_pwr_ex.o
HAL_PWREx_GetVoltageRange                         build/stm32h7xx_hal_pwr_ex.o
HAL_PWREx_GetWakeupFlag                           build/stm32h7xx_hal_pwr_ex.o
HAL_PWREx_HoldCore                                build/stm32h7xx_hal_pwr_ex.o
HAL_PWREx_PVD_AVD_IRQHandler                      build/stm32h7xx_hal_pwr_ex.o
HAL_PWREx_ReleaseCore                             build/stm32h7xx_hal_pwr_ex.o
HAL_PWREx_WAKEUP_PIN_IRQHandler                   build/stm32h7xx_hal_pwr_ex.o
HAL_PWREx_WKUP1_Callback                          build/stm32h7xx_hal_pwr_ex.o
HAL_PWREx_WKUP2_Callback                          build/stm32h7xx_hal_pwr_ex.o
HAL_PWREx_WKUP3_Callback                          build/stm32h7xx_hal_pwr_ex.o
HAL_PWREx_WKUP4_Callback                          build/stm32h7xx_hal_pwr_ex.o
HAL_PWREx_WKUP5_Callback                          build/stm32h7xx_hal_pwr_ex.o
HAL_PWREx_WKUP6_Callback                          build/stm32h7xx_hal_pwr_ex.o
HAL_PWR_ConfigPVD                                 build/stm32h7xx_hal_pwr.o
HAL_PWR_DeInit                                    build/stm32h7xx_hal_pwr.o
HAL_PWR_DisableBkUpAccess                         build/stm32h7xx_hal_pwr.o
HAL_PWR_DisablePVD                                build/stm32h7xx_hal_pwr.o
HAL_PWR_DisableSEVOnPend                          build/stm32h7xx_hal_pwr.o
HAL_PWR_DisableSleepOnExit                        build/stm32h7xx_hal_pwr.o
HAL_PWR_DisableWakeUpPin                          build/stm32h7xx_hal_pwr.o
HAL_PWR_EnableBkUpAccess                          build/stm32h7xx_hal_pwr.o
HAL_PWR_EnablePVD                                 build/stm32h7xx_hal_pwr.o
HAL_PWR_EnableSEVOnPend                           build/stm32h7xx_hal_pwr.o
HAL_PWR_EnableSleepOnExit                         build/stm32h7xx_hal_pwr.o
HAL_PWR_EnableWakeUpPin                           build/stm32h7xx_hal_pwr.o
HAL_PWR_EnterSLEEPMode                            build/stm32h7xx_hal_pwr.o
HAL_PWR_EnterSTANDBYMode                          build/stm32h7xx_hal_pwr.o
HAL_PWR_EnterSTOPMode                             build/stm32h7xx_hal_pwr.o
HAL_PWR_PVDCallback                               build/stm32h7xx_hal_pwr.o
                                                  build/stm32h7xx_hal_pwr_ex.o
HAL_PWR_PVD_IRQHandler                            build/stm32h7xx_hal_pwr.o
HAL_RCCEx_CRSConfig                               build/stm32h7xx_hal_rcc_ex.o
HAL_RCCEx_CRSGetSynchronizationInfo               build/stm32h7xx_hal_rcc_ex.o
HAL_RCCEx_CRSSoftwareSynchronizationGenerate      build/stm32h7xx_hal_rcc_ex.o
HAL_RCCEx_CRSWaitSynchronization                  build/stm32h7xx_hal_rcc_ex.o
HAL_RCCEx_CRS_ErrorCallback                       build/stm32h7xx_hal_rcc_ex.o
HAL_RCCEx_CRS_ExpectedSyncCallback                build/stm32h7xx_hal_rcc_ex.o
HAL_RCCEx_CRS_IRQHandler                          build/stm32h7xx_hal_rcc_ex.o
HAL_RCCEx_CRS_SyncOkCallback                      build/stm32h7xx_hal_rcc_ex.o
HAL_RCCEx_CRS_SyncWarnCallback                    build/stm32h7xx_hal_rcc_ex.o
HAL_RCCEx_DisableLSECSS                           build/stm32h7xx_hal_rcc_ex.o
HAL_RCCEx_EnableBootCore                          build/stm32h7xx_hal_rcc_ex.o
HAL_RCCEx_EnableLSECSS                            build/stm32h7xx_hal_rcc_ex.o
HAL_RCCEx_EnableLSECSS_IT                         build/stm32h7xx_hal_rcc_ex.o
HAL_RCCEx_GetD1PCLK1Freq                          build/stm32h7xx_hal_rcc_ex.o
HAL_RCCEx_GetD1SysClockFreq                       build/stm32h7xx_hal_rcc_ex.o
HAL_RCCEx_GetD3PCLK1Freq                          build/stm32h7xx_hal_rcc_ex.o
                                                  build/stm32h7xx_hal_uart.o
HAL_RCCEx_GetPLL1ClockFreq                        build/stm32h7xx_hal_rcc_ex.o
HAL_RCCEx_GetPLL2ClockFreq                        build/stm32h7xx_hal_rcc_ex.o
                                                  build/stm32h7xx_hal_uart.o
HAL_RCCEx_GetPLL3ClockFreq                        build/stm32h7xx_hal_rcc_ex.o
                                                  build/stm32h7xx_hal_uart.o
HAL_RCCEx_GetPeriphCLKConfig                      build/stm32h7xx_hal_rcc_ex.o
HAL_RCCEx_GetPeriphCLKFreq                        build/stm32h7xx_hal_rcc_ex.o
HAL_RCCEx_KerWakeUpStopCLKConfig                  build/stm32h7xx_hal_rcc_ex.o
HAL_RCCEx_LSECSS_Callback                         build/stm32h7xx_hal_rcc_ex.o
HAL_RCCEx_LSECSS_IRQHandler                       build/stm32h7xx_hal_rcc_ex.o
HAL_RCCEx_PeriphCLKConfig                         build/stm32h7xx_hal_rcc_ex.o
                                                  build/stm32h7xx_hal_msp.o
HAL_RCCEx_WWDGxSysResetConfig                     build/stm32h7xx_hal_rcc_ex.o
HAL_RCCEx_WakeUpStopCLKConfig                     build/stm32h7xx_hal_rcc_ex.o
HAL_RCC_CSSCallback                               build/stm32h7xx_hal_rcc.o
HAL_RCC_ClockConfig                               build/stm32h7xx_hal_rcc.o
                                                  build/main.o
HAL_RCC_DeInit                                    build/stm32h7xx_hal_rcc.o
HAL_RCC_DisableCSS                                build/stm32h7xx_hal_rcc.o
HAL_RCC_EnableCSS                                 build/stm32h7xx_hal_rcc.o
HAL_RCC_GetClockConfig                            build/stm32h7xx_hal_rcc.o
HAL_RCC_GetHCLKFreq                               build/stm32h7xx_hal_rcc.o
                                                  build/stm32h7xx_hal_rcc_ex.o
HAL_RCC_GetOscConfig                              build/stm32h7xx_hal_rcc.o
HAL_RCC_GetPCLK1Freq                              build/stm32h7xx_hal_rcc.o
                                                  build/stm32h7xx_hal_rcc_ex.o
                                                  build/stm32h7xx_hal_uart.o
HAL_RCC_GetPCLK2Freq                              build/stm32h7xx_hal_rcc.o
                                                  build/stm32h7xx_hal_uart.o
HAL_RCC_GetSysClockFreq                           build/stm32h7xx_hal_rcc.o
                                                  build/stm32h7xx_hal.o
                                                  build/stm32h7xx_hal_rcc_ex.o
HAL_RCC_MCOConfig                                 build/stm32h7xx_hal_rcc.o
HAL_RCC_NMI_IRQHandler                            build/stm32h7xx_hal_rcc.o
HAL_RCC_OscConfig                                 build/stm32h7xx_hal_rcc.o
                                                  build/main.o
HAL_RS485Ex_Init                                  build/stm32h7xx_hal_uart_ex.o
HAL_ResumeTick                                    build/stm32h7xx_hal.o
HAL_SYSCFG_AnalogSwitchConfig                     build/stm32h7xx_hal.o
HAL_SYSCFG_CM4BootAddConfig                       build/stm32h7xx_hal.o
HAL_SYSCFG_CM7BootAddConfig                       build/stm32h7xx_hal.o
HAL_SYSCFG_CompensationCodeConfig                 build/stm32h7xx_hal.o
HAL_SYSCFG_CompensationCodeSelect                 build/stm32h7xx_hal.o
HAL_SYSCFG_DisableBOOST                           build/stm32h7xx_hal.o
HAL_SYSCFG_DisableCM4BOOT                         build/stm32h7xx_hal.o
HAL_SYSCFG_DisableCM7BOOT                         build/stm32h7xx_hal.o
HAL_SYSCFG_DisableIOSpeedOptimize                 build/stm32h7xx_hal.o
HAL_SYSCFG_DisableVREFBUF                         build/stm32h7xx_hal.o
HAL_SYSCFG_ETHInterfaceSelect                     build/stm32h7xx_hal.o
HAL_SYSCFG_EnableBOOST                            build/stm32h7xx_hal.o
HAL_SYSCFG_EnableCM4BOOT                          build/stm32h7xx_hal.o
HAL_SYSCFG_EnableCM7BOOT                          build/stm32h7xx_hal.o
HAL_SYSCFG_EnableIOSpeedOptimize                  build/stm32h7xx_hal.o
HAL_SYSCFG_EnableVREFBUF                          build/stm32h7xx_hal.o
HAL_SYSCFG_VREFBUF_HighImpedanceConfig            build/stm32h7xx_hal.o
HAL_SYSCFG_VREFBUF_TrimmingConfig                 build/stm32h7xx_hal.o
HAL_SYSCFG_VREFBUF_VoltageScalingConfig           build/stm32h7xx_hal.o
HAL_SYSTICK_CLKSourceConfig                       build/stm32h7xx_hal_cortex.o
HAL_SYSTICK_Callback                              build/stm32h7xx_hal_cortex.o
HAL_SYSTICK_Config                                build/stm32h7xx_hal_cortex.o
                                                  build/stm32h7xx_hal.o
HAL_SYSTICK_IRQHandler                            build/stm32h7xx_hal_cortex.o
HAL_SetFMCMemorySwappingConfig                    build/stm32h7xx_hal.o
HAL_SetTickFreq                                   build/stm32h7xx_hal.o
HAL_SuspendTick                                   build/stm32h7xx_hal.o
HAL_UARTEx_DisableFifoMode                        build/stm32h7xx_hal_uart_ex.o
HAL_UARTEx_DisableStopMode                        build/stm32h7xx_hal_uart_ex.o
HAL_UARTEx_EnableFifoMode                         build/stm32h7xx_hal_uart_ex.o
HAL_UARTEx_EnableStopMode                         build/stm32h7xx_hal_uart_ex.o
HAL_UARTEx_GetRxEventType                         build/stm32h7xx_hal_uart_ex.o
HAL_UARTEx_ReceiveToIdle                          build/stm32h7xx_hal_uart_ex.o
HAL_UARTEx_ReceiveToIdle_DMA                      build/stm32h7xx_hal_uart_ex.o
HAL_UARTEx_ReceiveToIdle_IT                       build/stm32h7xx_hal_uart_ex.o
HAL_UARTEx_RxEventCallback                        build/stm32h7xx_hal_uart.o
HAL_UARTEx_RxFifoFullCallback                     build/stm32h7xx_hal_uart_ex.o
                                                  build/stm32h7xx_hal_uart.o
HAL_UARTEx_SetRxFifoThreshold                     build/stm32h7xx_hal_uart_ex.o
HAL_UARTEx_SetTxFifoThreshold                     build/stm32h7xx_hal_uart_ex.o
HAL_UARTEx_StopModeWakeUpSourceConfig             build/stm32h7xx_hal_uart_ex.o
HAL_UARTEx_TxFifoEmptyCallback                    build/stm32h7xx_hal_uart_ex.o
                                                  build/stm32h7xx_hal_uart.o
HAL_UARTEx_WakeupCallback                         build/stm32h7xx_hal_uart_ex.o
                                                  build/stm32h7xx_hal_uart.o
HAL_UART_Abort                                    build/stm32h7xx_hal_uart.o
HAL_UART_AbortCpltCallback                        build/stm32h7xx_hal_uart.o
HAL_UART_AbortReceive                             build/stm32h7xx_hal_uart.o
HAL_UART_AbortReceiveCpltCallback                 build/stm32h7xx_hal_uart.o
HAL_UART_AbortReceive_IT                          build/stm32h7xx_hal_uart.o
HAL_UART_AbortTransmit                            build/stm32h7xx_hal_uart.o
HAL_UART_AbortTransmitCpltCallback                build/stm32h7xx_hal_uart.o
HAL_UART_AbortTransmit_IT                         build/stm32h7xx_hal_uart.o
HAL_UART_Abort_IT                                 build/stm32h7xx_hal_uart.o
HAL_UART_DMAPause                                 build/stm32h7xx_hal_uart.o
HAL_UART_DMAResume                                build/stm32h7xx_hal_uart.o
HAL_UART_DMAStop                                  build/stm32h7xx_hal_uart.o
HAL_UART_DeInit                                   build/stm32h7xx_hal_uart.o
HAL_UART_DisableReceiverTimeout                   build/stm32h7xx_hal_uart.o
HAL_UART_EnableReceiverTimeout                    build/stm32h7xx_hal_uart.o
HAL_UART_ErrorCallback                            build/stm32h7xx_hal_uart.o
HAL_UART_GetError                                 build/stm32h7xx_hal_uart.o
HAL_UART_GetState                                 build/stm32h7xx_hal_uart.o
HAL_UART_IRQHandler                               build/stm32h7xx_hal_uart.o
HAL_UART_Init                                     build/stm32h7xx_hal_uart.o
HAL_UART_MspDeInit                                build/stm32h7xx_hal_msp.o
HAL_UART_MspInit                                  build/stm32h7xx_hal_msp.o
                                                  build/stm32h7xx_hal_uart_ex.o
HAL_UART_Receive                                  build/stm32h7xx_hal_uart.o
HAL_UART_Receive_DMA                              build/stm32h7xx_hal_uart.o
HAL_UART_Receive_IT                               build/stm32h7xx_hal_uart.o
HAL_UART_ReceiverTimeout_Config                   build/stm32h7xx_hal_uart.o
HAL_UART_RxCpltCallback                           build/stm32h7xx_hal_uart.o
HAL_UART_RxHalfCpltCallback                       build/stm32h7xx_hal_uart.o
HAL_UART_Transmit                                 build/stm32h7xx_hal_uart.o
HAL_UART_Transmit_DMA                             build/stm32h7xx_hal_uart.o
HAL_UART_Transmit_IT                              build/stm32h7xx_hal_uart.o
HAL_UART_TxCpltCallback                           build/stm32h7xx_hal_uart.o
HAL_UART_TxHalfCpltCallback                       build/stm32h7xx_hal_uart.o
HOLD_CORE_IRQHandler                              build/startup_stm32h747xx_CM7.o
HRTIM1_FLT_IRQHandler                             build/startup_stm32h747xx_CM7.o
HRTIM1_Master_IRQHandler                          build/startup_stm32h747xx_CM7.o
HRTIM1_TIMA_IRQHandler                            build/startup_stm32h747xx_CM7.o
HRTIM1_TIMB_IRQHandler                            build/startup_stm32h747xx_CM7.o
HRTIM1_TIMC_IRQHandler                            build/startup_stm32h747xx_CM7.o
HRTIM1_TIMD_IRQHandler                            build/startup_stm32h747xx_CM7.o
HRTIM1_TIME_IRQHandler                            build/startup_stm32h747xx_CM7.o
HSEM1_IRQHandler                                  build/startup_stm32h747xx_CM7.o
HSEM2_IRQHandler                                  build/startup_stm32h747xx_CM7.o
HardFault_Handler                                 build/stm32h7xx_it.o
I2C1_ER_IRQHandler                                build/startup_stm32h747xx_CM7.o
I2C1_EV_IRQHandler                                build/startup_stm32h747xx_CM7.o
I2C2_ER_IRQHandler                                build/startup_stm32h747xx_CM7.o
I2C2_EV_IRQHandler                                build/startup_stm32h747xx_CM7.o
I2C3_ER_IRQHandler                                build/startup_stm32h747xx_CM7.o
I2C3_EV_IRQHandler                                build/startup_stm32h747xx_CM7.o
I2C4_ER_IRQHandler                                build/startup_stm32h747xx_CM7.o
I2C4_EV_IRQHandler                                build/startup_stm32h747xx_CM7.o
JPEG_IRQHandler                                   build/startup_stm32h747xx_CM7.o
LPTIM1_IRQHandler                                 build/startup_stm32h747xx_CM7.o
LPTIM2_IRQHandler                                 build/startup_stm32h747xx_CM7.o
LPTIM3_IRQHandler                                 build/startup_stm32h747xx_CM7.o
LPTIM4_IRQHandler                                 build/startup_stm32h747xx_CM7.o
LPTIM5_IRQHandler                                 build/startup_stm32h747xx_CM7.o
LPUART1_IRQHandler                                build/startup_stm32h747xx_CM7.o
LTDC_ER_IRQHandler                                build/startup_stm32h747xx_CM7.o
LTDC_IRQHandler                                   build/startup_stm32h747xx_CM7.o
MDIOS_IRQHandler                                  build/startup_stm32h747xx_CM7.o
MDIOS_WKUP_IRQHandler                             build/startup_stm32h747xx_CM7.o
MDMA_IRQHandler                                   build/startup_stm32h747xx_CM7.o
MemManage_Handler                                 build/stm32h7xx_it.o
NMI_Handler                                       build/stm32h7xx_it.o
OTG_FS_EP1_IN_IRQHandler                          build/startup_stm32h747xx_CM7.o
OTG_FS_EP1_OUT_IRQHandler                         build/startup_stm32h747xx_CM7.o
OTG_FS_IRQHandler                                 build/startup_stm32h747xx_CM7.o
OTG_FS_WKUP_IRQHandler                            build/startup_stm32h747xx_CM7.o
OTG_HS_EP1_IN_IRQHandler                          build/startup_stm32h747xx_CM7.o
OTG_HS_EP1_OUT_IRQHandler                         build/startup_stm32h747xx_CM7.o
OTG_HS_IRQHandler                                 build/startup_stm32h747xx_CM7.o
OTG_HS_WKUP_IRQHandler                            build/startup_stm32h747xx_CM7.o
PVD_AVD_IRQHandler                                build/startup_stm32h747xx_CM7.o
PendSV_Handler                                    build/stm32h7xx_it.o
QUADSPI_IRQHandler                                build/startup_stm32h747xx_CM7.o
RCC_IRQHandler                                    build/startup_stm32h747xx_CM7.o
RNG_IRQHandler                                    build/startup_stm32h747xx_CM7.o
RTC_Alarm_IRQHandler                              build/startup_stm32h747xx_CM7.o
RTC_WKUP_IRQHandler                               build/startup_stm32h747xx_CM7.o
Reset_Handler                                     build/startup_stm32h747xx_CM7.o
SAI1_IRQHandler                                   build/startup_stm32h747xx_CM7.o
SAI2_IRQHandler                                   build/startup_stm32h747xx_CM7.o
SAI3_IRQHandler                                   build/startup_stm32h747xx_CM7.o
SAI4_IRQHandler                                   build/startup_stm32h747xx_CM7.o
SDMMC1_IRQHandler                                 build/startup_stm32h747xx_CM7.o
SDMMC2_IRQHandler                                 build/startup_stm32h747xx_CM7.o
SPDIF_RX_IRQHandler                               build/startup_stm32h747xx_CM7.o
SPI1_IRQHandler                                   build/startup_stm32h747xx_CM7.o
SPI2_IRQHandler                                   build/startup_stm32h747xx_CM7.o
SPI3_IRQHandler                                   build/startup_stm32h747xx_CM7.o
SPI4_IRQHandler                                   build/startup_stm32h747xx_CM7.o
SPI5_IRQHandler                                   build/startup_stm32h747xx_CM7.o
SPI6_IRQHandler                                   build/startup_stm32h747xx_CM7.o
SVC_Handler                                       build/stm32h7xx_it.o
SWPMI1_IRQHandler                                 build/startup_stm32h747xx_CM7.o
SysTick_Handler                                   build/stm32h7xx_it.o
SystemClock_ConfigHighClock                       build/main.o
SystemClock_ConfigLowClock                        build/main.o
SystemCoreClock                                   build/system_stm32h7xx_dualcore_boot_cm4_cm7.o
                                                  build/stm32h7xx_hal.o
                                                  build/stm32h7xx_hal_mdma.o
                                                  build/stm32h7xx_hal_dma.o
                                                  build/stm32h7xx_hal_rcc_ex.o
                                                  build/stm32h7xx_hal_rcc.o
SystemCoreClockUpdate                             build/system_stm32h7xx_dualcore_boot_cm4_cm7.o
SystemD2Clock                                     build/system_stm32h7xx_dualcore_boot_cm4_cm7.o
                                                  build/stm32h7xx_hal.o
                                                  build/stm32h7xx_hal_rcc_ex.o
                                                  build/stm32h7xx_hal_rcc.o
SystemInit                                        build/system_stm32h7xx_dualcore_boot_cm4_cm7.o
                                                  build/startup_stm32h747xx_CM7.o
TAMP_STAMP_IRQHandler                             build/startup_stm32h747xx_CM7.o
TIM15_IRQHandler                                  build/startup_stm32h747xx_CM7.o
TIM16_IRQHandler                                  build/startup_stm32h747xx_CM7.o
TIM17_IRQHandler                                  build/startup_stm32h747xx_CM7.o
TIM1_BRK_IRQHandler                               build/startup_stm32h747xx_CM7.o
TIM1_CC_IRQHandler                                build/startup_stm32h747xx_CM7.o
TIM1_TRG_COM_IRQHandler                           build/startup_stm32h747xx_CM7.o
TIM1_UP_IRQHandler                                build/startup_stm32h747xx_CM7.o
TIM2_IRQHandler                                   build/startup_stm32h747xx_CM7.o
TIM3_IRQHandler                                   build/startup_stm32h747xx_CM7.o
TIM4_IRQHandler                                   build/startup_stm32h747xx_CM7.o
TIM5_IRQHandler                                   build/startup_stm32h747xx_CM7.o
TIM6_DAC_IRQHandler                               build/startup_stm32h747xx_CM7.o
TIM7_IRQHandler                                   build/startup_stm32h747xx_CM7.o
TIM8_BRK_TIM12_IRQHandler                         build/startup_stm32h747xx_CM7.o
TIM8_CC_IRQHandler                                build/startup_stm32h747xx_CM7.o
TIM8_TRG_COM_TIM14_IRQHandler                     build/startup_stm32h747xx_CM7.o
TIM8_UP_TIM13_IRQHandler                          build/startup_stm32h747xx_CM7.o
UART4_IRQHandler                                  build/startup_stm32h747xx_CM7.o
UART5_IRQHandler                                  build/startup_stm32h747xx_CM7.o
UART7_IRQHandler                                  build/startup_stm32h747xx_CM7.o
UART8_IRQHandler                                  build/startup_stm32h747xx_CM7.o
UARTPrescTable                                    build/stm32h7xx_hal_uart.o
UART_AdvFeatureConfig                             build/stm32h7xx_hal_uart.o
                                                  build/stm32h7xx_hal_uart_ex.o
UART_CheckIdleState                               build/stm32h7xx_hal_uart.o
                                                  build/stm32h7xx_hal_uart_ex.o
UART_SetConfig                                    build/stm32h7xx_hal_uart.o
                                                  build/stm32h7xx_hal_uart_ex.o
UART_Start_Receive_DMA                            build/stm32h7xx_hal_uart.o
                                                  build/stm32h7xx_hal_uart_ex.o
UART_Start_Receive_IT                             build/stm32h7xx_hal_uart.o
                                                  build/stm32h7xx_hal_uart_ex.o
UART_WaitOnFlagUntilTimeout                       build/stm32h7xx_hal_uart.o
                                                  build/stm32h7xx_hal_uart_ex.o
USART1_IRQHandler                                 build/startup_stm32h747xx_CM7.o
USART2_IRQHandler                                 build/startup_stm32h747xx_CM7.o
USART3_IRQHandler                                 build/startup_stm32h747xx_CM7.o
USART6_IRQHandler                                 build/startup_stm32h747xx_CM7.o
UsageFault_Handler                                build/stm32h7xx_it.o
WAKEUP_PIN_IRQHandler                             build/startup_stm32h747xx_CM7.o
WWDG_IRQHandler                                   build/startup_stm32h747xx_CM7.o
WWDG_RST_IRQHandler                               build/startup_stm32h747xx_CM7.o
__aeabi_idiv0                                     /home/im/Programs/gcc-arm-none-eabi/gcc-arm-none-eabi-9-2020-q2-update/bin/../lib/gcc/arm-none-eabi/9.3.1/thumb/v7e-m+dp/hard/libgcc.a(_dvmd_tls.o)
__aeabi_ldiv0                                     /home/im/Programs/gcc-arm-none-eabi/gcc-arm-none-eabi-9-2020-q2-update/bin/../lib/gcc/arm-none-eabi/9.3.1/thumb/v7e-m+dp/hard/libgcc.a(_dvmd_tls.o)
                                                  /home/im/Programs/gcc-arm-none-eabi/gcc-arm-none-eabi-9-2020-q2-update/bin/../lib/gcc/arm-none-eabi/9.3.1/thumb/v7e-m+dp/hard/libgcc.a(_aeabi_uldivmod.o)
__aeabi_uldivmod                                  /home/im/Programs/gcc-arm-none-eabi/gcc-arm-none-eabi-9-2020-q2-update/bin/../lib/gcc/arm-none-eabi/9.3.1/thumb/v7e-m+dp/hard/libgcc.a(_aeabi_uldivmod.o)
                                                  build/stm32h7xx_hal_uart.o
__bss_end__                                       /home/im/Programs/gcc-arm-none-eabi/gcc-arm-none-eabi-9-2020-q2-update/bin/../lib/gcc/arm-none-eabi/9.3.1/../../../../arm-none-eabi/lib/thumb/v7e-m+dp/hard/crt0.o
__bss_start__                                     /home/im/Programs/gcc-arm-none-eabi/gcc-arm-none-eabi-9-2020-q2-update/bin/../lib/gcc/arm-none-eabi/9.3.1/../../../../arm-none-eabi/lib/thumb/v7e-m+dp/hard/crt0.o
__call_exitprocs                                  /home/im/Programs/gcc-arm-none-eabi/gcc-arm-none-eabi-9-2020-q2-update/bin/../lib/gcc/arm-none-eabi/9.3.1/../../../../arm-none-eabi/lib/thumb/v7e-m+dp/hard/libc_nano.a(lib_a-exit.o)
__deregister_frame_info                           /home/im/Programs/gcc-arm-none-eabi/gcc-arm-none-eabi-9-2020-q2-update/bin/../lib/gcc/arm-none-eabi/9.3.1/thumb/v7e-m+dp/hard/crtbegin.o
__dso_handle                                      /home/im/Programs/gcc-arm-none-eabi/gcc-arm-none-eabi-9-2020-q2-update/bin/../lib/gcc/arm-none-eabi/9.3.1/thumb/v7e-m+dp/hard/crtbegin.o
__init_array_end                                  /home/im/Programs/gcc-arm-none-eabi/gcc-arm-none-eabi-9-2020-q2-update/bin/../lib/gcc/arm-none-eabi/9.3.1/../../../../arm-none-eabi/lib/thumb/v7e-m+dp/hard/libc_nano.a(lib_a-init.o)
__init_array_start                                /home/im/Programs/gcc-arm-none-eabi/gcc-arm-none-eabi-9-2020-q2-update/bin/../lib/gcc/arm-none-eabi/9.3.1/../../../../arm-none-eabi/lib/thumb/v7e-m+dp/hard/libc_nano.a(lib_a-init.o)
__libc_fini_array                                 /home/im/Programs/gcc-arm-none-eabi/gcc-arm-none-eabi-9-2020-q2-update/bin/../lib/gcc/arm-none-eabi/9.3.1/../../../../arm-none-eabi/lib/thumb/v7e-m+dp/hard/crt0.o
__libc_init_array                                 /home/im/Programs/gcc-arm-none-eabi/gcc-arm-none-eabi-9-2020-q2-update/bin/../lib/gcc/arm-none-eabi/9.3.1/../../../../arm-none-eabi/lib/thumb/v7e-m+dp/hard/libc_nano.a(lib_a-init.o)
                                                  build/startup_stm32h747xx_CM7.o
                                                  /home/im/Programs/gcc-arm-none-eabi/gcc-arm-none-eabi-9-2020-q2-update/bin/../lib/gcc/arm-none-eabi/9.3.1/../../../../arm-none-eabi/lib/thumb/v7e-m+dp/hard/crt0.o
__preinit_array_end                               /home/im/Programs/gcc-arm-none-eabi/gcc-arm-none-eabi-9-2020-q2-update/bin/../lib/gcc/arm-none-eabi/9.3.1/../../../../arm-none-eabi/lib/thumb/v7e-m+dp/hard/libc_nano.a(lib_a-init.o)
__preinit_array_start                             /home/im/Programs/gcc-arm-none-eabi/gcc-arm-none-eabi-9-2020-q2-update/bin/../lib/gcc/arm-none-eabi/9.3.1/../../../../arm-none-eabi/lib/thumb/v7e-m+dp/hard/libc_nano.a(lib_a-init.o)
__register_frame_info                             /home/im/Programs/gcc-arm-none-eabi/gcc-arm-none-eabi-9-2020-q2-update/bin/../lib/gcc/arm-none-eabi/9.3.1/thumb/v7e-m+dp/hard/crtbegin.o
__sf_fake_stderr                                  /home/im/Programs/gcc-arm-none-eabi/gcc-arm-none-eabi-9-2020-q2-update/bin/../lib/gcc/arm-none-eabi/9.3.1/../../../../arm-none-eabi/lib/thumb/v7e-m+dp/hard/libc_nano.a(lib_a-impure.o)
__sf_fake_stdin                                   /home/im/Programs/gcc-arm-none-eabi/gcc-arm-none-eabi-9-2020-q2-update/bin/../lib/gcc/arm-none-eabi/9.3.1/../../../../arm-none-eabi/lib/thumb/v7e-m+dp/hard/libc_nano.a(lib_a-impure.o)
__sf_fake_stdout                                  /home/im/Programs/gcc-arm-none-eabi/gcc-arm-none-eabi-9-2020-q2-update/bin/../lib/gcc/arm-none-eabi/9.3.1/../../../../arm-none-eabi/lib/thumb/v7e-m+dp/hard/libc_nano.a(lib_a-impure.o)
__stack                                           /home/im/Programs/gcc-arm-none-eabi/gcc-arm-none-eabi-9-2020-q2-update/bin/../lib/gcc/arm-none-eabi/9.3.1/../../../../arm-none-eabi/lib/thumb/v7e-m+dp/hard/crt0.o
__udivmoddi4                                      /home/im/Programs/gcc-arm-none-eabi/gcc-arm-none-eabi-9-2020-q2-update/bin/../lib/gcc/arm-none-eabi/9.3.1/thumb/v7e-m+dp/hard/libgcc.a(_udivmoddi4.o)
                                                  /home/im/Programs/gcc-arm-none-eabi/gcc-arm-none-eabi-9-2020-q2-update/bin/../lib/gcc/arm-none-eabi/9.3.1/thumb/v7e-m+dp/hard/libgcc.a(_aeabi_uldivmod.o)
_ebss                                             build/startup_stm32h747xx_CM7.o
_edata                                            build/startup_stm32h747xx_CM7.o
_estack                                           build/startup_stm32h747xx_CM7.o
_exit                                             /home/im/Programs/gcc-arm-none-eabi/gcc-arm-none-eabi-9-2020-q2-update/bin/../lib/gcc/arm-none-eabi/9.3.1/../../../../arm-none-eabi/lib/thumb/v7e-m+dp/hard/libnosys.a(_exit.o)
                                                  /home/im/Programs/gcc-arm-none-eabi/gcc-arm-none-eabi-9-2020-q2-update/bin/../lib/gcc/arm-none-eabi/9.3.1/../../../../arm-none-eabi/lib/thumb/v7e-m+dp/hard/libc_nano.a(lib_a-exit.o)
_fini                                             /home/im/Programs/gcc-arm-none-eabi/gcc-arm-none-eabi-9-2020-q2-update/bin/../lib/gcc/arm-none-eabi/9.3.1/thumb/v7e-m+dp/hard/crti.o
_global_impure_ptr                                /home/im/Programs/gcc-arm-none-eabi/gcc-arm-none-eabi-9-2020-q2-update/bin/../lib/gcc/arm-none-eabi/9.3.1/../../../../arm-none-eabi/lib/thumb/v7e-m+dp/hard/libc_nano.a(lib_a-impure.o)
                                                  /home/im/Programs/gcc-arm-none-eabi/gcc-arm-none-eabi-9-2020-q2-update/bin/../lib/gcc/arm-none-eabi/9.3.1/../../../../arm-none-eabi/lib/thumb/v7e-m+dp/hard/libc_nano.a(lib_a-exit.o)
_impure_ptr                                       /home/im/Programs/gcc-arm-none-eabi/gcc-arm-none-eabi-9-2020-q2-update/bin/../lib/gcc/arm-none-eabi/9.3.1/../../../../arm-none-eabi/lib/thumb/v7e-m+dp/hard/libc_nano.a(lib_a-impure.o)
_init                                             /home/im/Programs/gcc-arm-none-eabi/gcc-arm-none-eabi-9-2020-q2-update/bin/../lib/gcc/arm-none-eabi/9.3.1/thumb/v7e-m+dp/hard/crti.o
                                                  /home/im/Programs/gcc-arm-none-eabi/gcc-arm-none-eabi-9-2020-q2-update/bin/../lib/gcc/arm-none-eabi/9.3.1/../../../../arm-none-eabi/lib/thumb/v7e-m+dp/hard/libc_nano.a(lib_a-init.o)
_mainCRTStartup                                   /home/im/Programs/gcc-arm-none-eabi/gcc-arm-none-eabi-9-2020-q2-update/bin/../lib/gcc/arm-none-eabi/9.3.1/../../../../arm-none-eabi/lib/thumb/v7e-m+dp/hard/crt0.o
_sbss                                             build/startup_stm32h747xx_CM7.o
_sdata                                            build/startup_stm32h747xx_CM7.o
_sidata                                           build/startup_stm32h747xx_CM7.o
_stack_init                                       /home/im/Programs/gcc-arm-none-eabi/gcc-arm-none-eabi-9-2020-q2-update/bin/../lib/gcc/arm-none-eabi/9.3.1/../../../../arm-none-eabi/lib/thumb/v7e-m+dp/hard/crt0.o
_start                                            /home/im/Programs/gcc-arm-none-eabi/gcc-arm-none-eabi-9-2020-q2-update/bin/../lib/gcc/arm-none-eabi/9.3.1/../../../../arm-none-eabi/lib/thumb/v7e-m+dp/hard/crt0.o
atexit                                            /home/im/Programs/gcc-arm-none-eabi/gcc-arm-none-eabi-9-2020-q2-update/bin/../lib/gcc/arm-none-eabi/9.3.1/../../../../arm-none-eabi/lib/thumb/v7e-m+dp/hard/crt0.o